Archive member included because of file (symbol)

c:/freescale/kds_v3/toolchain/bin/../lib/gcc/arm-none-eabi/4.8.4/armv7e-m/fpu\libgcc.a(_aeabi_uldivmod.o)
                              ./BSP/cpu_bsp.o (__aeabi_uldivmod)
c:/freescale/kds_v3/toolchain/bin/../lib/gcc/arm-none-eabi/4.8.4/armv7e-m/fpu\libgcc.a(bpabi.o)
                              c:/freescale/kds_v3/toolchain/bin/../lib/gcc/arm-none-eabi/4.8.4/armv7e-m/fpu\libgcc.a(_aeabi_uldivmod.o) (__gnu_uldivmod_helper)
c:/freescale/kds_v3/toolchain/bin/../lib/gcc/arm-none-eabi/4.8.4/armv7e-m/fpu\libgcc.a(_dvmd_tls.o)
                              c:/freescale/kds_v3/toolchain/bin/../lib/gcc/arm-none-eabi/4.8.4/armv7e-m/fpu\libgcc.a(_aeabi_uldivmod.o) (__aeabi_ldiv0)
c:/freescale/kds_v3/toolchain/bin/../lib/gcc/arm-none-eabi/4.8.4/armv7e-m/fpu\libgcc.a(_divdi3.o)
                              c:/freescale/kds_v3/toolchain/bin/../lib/gcc/arm-none-eabi/4.8.4/armv7e-m/fpu\libgcc.a(bpabi.o) (__divdi3)
c:/freescale/kds_v3/toolchain/bin/../lib/gcc/arm-none-eabi/4.8.4/armv7e-m/fpu\libgcc.a(_udivdi3.o)
                              c:/freescale/kds_v3/toolchain/bin/../lib/gcc/arm-none-eabi/4.8.4/armv7e-m/fpu\libgcc.a(bpabi.o) (__udivdi3)
c:/freescale/kds_v3/toolchain/bin/../lib/gcc/arm-none-eabi/4.8.4/../../../../arm-none-eabi/lib/armv7e-m/fpu\libg_s.a(lib_a-assert.o)
                              ./KSDK/platform/system/interrupt/src/fsl_interrupt_manager.o (__assert_func)
c:/freescale/kds_v3/toolchain/bin/../lib/gcc/arm-none-eabi/4.8.4/../../../../arm-none-eabi/lib/armv7e-m/fpu\libg_s.a(lib_a-calloc.o)
                              ./KSDK/platform/osa/src/fsl_os_abstraction_ucosiii.o (calloc)
c:/freescale/kds_v3/toolchain/bin/../lib/gcc/arm-none-eabi/4.8.4/../../../../arm-none-eabi/lib/armv7e-m/fpu\libg_s.a(lib_a-exit.o)
                              c:/freescale/kds_v3/toolchain/bin/../lib/gcc/arm-none-eabi/4.8.4/../../../../arm-none-eabi/lib/armv7e-m/fpu/crt0.o (exit)
c:/freescale/kds_v3/toolchain/bin/../lib/gcc/arm-none-eabi/4.8.4/../../../../arm-none-eabi/lib/armv7e-m/fpu\libg_s.a(lib_a-fprintf.o)
                              c:/freescale/kds_v3/toolchain/bin/../lib/gcc/arm-none-eabi/4.8.4/../../../../arm-none-eabi/lib/armv7e-m/fpu\libg_s.a(lib_a-assert.o) (fiprintf)
c:/freescale/kds_v3/toolchain/bin/../lib/gcc/arm-none-eabi/4.8.4/../../../../arm-none-eabi/lib/armv7e-m/fpu\libg_s.a(lib_a-impure.o)
                              c:/freescale/kds_v3/toolchain/bin/../lib/gcc/arm-none-eabi/4.8.4/../../../../arm-none-eabi/lib/armv7e-m/fpu\libg_s.a(lib_a-exit.o) (_global_impure_ptr)
c:/freescale/kds_v3/toolchain/bin/../lib/gcc/arm-none-eabi/4.8.4/../../../../arm-none-eabi/lib/armv7e-m/fpu\libg_s.a(lib_a-init.o)
                              c:/freescale/kds_v3/toolchain/bin/../lib/gcc/arm-none-eabi/4.8.4/../../../../arm-none-eabi/lib/armv7e-m/fpu/crt0.o (__libc_init_array)
c:/freescale/kds_v3/toolchain/bin/../lib/gcc/arm-none-eabi/4.8.4/../../../../arm-none-eabi/lib/armv7e-m/fpu\libg_s.a(lib_a-malloc.o)
                              ./KSDK/platform/osa/src/fsl_os_abstraction_ucosiii.o (malloc)
c:/freescale/kds_v3/toolchain/bin/../lib/gcc/arm-none-eabi/4.8.4/../../../../arm-none-eabi/lib/armv7e-m/fpu\libg_s.a(lib_a-memset.o)
                              c:/freescale/kds_v3/toolchain/bin/../lib/gcc/arm-none-eabi/4.8.4/../../../../arm-none-eabi/lib/armv7e-m/fpu/crt0.o (memset)
c:/freescale/kds_v3/toolchain/bin/../lib/gcc/arm-none-eabi/4.8.4/../../../../arm-none-eabi/lib/armv7e-m/fpu\libg_s.a(lib_a-nano-callocr.o)
                              c:/freescale/kds_v3/toolchain/bin/../lib/gcc/arm-none-eabi/4.8.4/../../../../arm-none-eabi/lib/armv7e-m/fpu\libg_s.a(lib_a-calloc.o) (_calloc_r)
c:/freescale/kds_v3/toolchain/bin/../lib/gcc/arm-none-eabi/4.8.4/../../../../arm-none-eabi/lib/armv7e-m/fpu\libg_s.a(lib_a-nano-freer.o)
                              c:/freescale/kds_v3/toolchain/bin/../lib/gcc/arm-none-eabi/4.8.4/../../../../arm-none-eabi/lib/armv7e-m/fpu\libg_s.a(lib_a-malloc.o) (_free_r)
c:/freescale/kds_v3/toolchain/bin/../lib/gcc/arm-none-eabi/4.8.4/../../../../arm-none-eabi/lib/armv7e-m/fpu\libg_s.a(lib_a-nano-mallocr.o)
                              c:/freescale/kds_v3/toolchain/bin/../lib/gcc/arm-none-eabi/4.8.4/../../../../arm-none-eabi/lib/armv7e-m/fpu\libg_s.a(lib_a-malloc.o) (_malloc_r)
c:/freescale/kds_v3/toolchain/bin/../lib/gcc/arm-none-eabi/4.8.4/../../../../arm-none-eabi/lib/armv7e-m/fpu\libg_s.a(lib_a-sbrkr.o)
                              c:/freescale/kds_v3/toolchain/bin/../lib/gcc/arm-none-eabi/4.8.4/../../../../arm-none-eabi/lib/armv7e-m/fpu\libg_s.a(lib_a-nano-mallocr.o) (_sbrk_r)
c:/freescale/kds_v3/toolchain/bin/../lib/gcc/arm-none-eabi/4.8.4/../../../../arm-none-eabi/lib/armv7e-m/fpu\libg_s.a(lib_a-vfprintf.o)
                              c:/freescale/kds_v3/toolchain/bin/../lib/gcc/arm-none-eabi/4.8.4/../../../../arm-none-eabi/lib/armv7e-m/fpu\libg_s.a(lib_a-fprintf.o) (_vfprintf_r)
[...]
Memory Configuration

Name             Origin             Length             Attributes
m_interrupts     0x00000000         0x00000400         xr
m_text           0x00000410         0x000ffbf0         xr
m_interrupts_ram 0x1fff0000         0x00000400         rw
m_data_1FFF0400  0x1fff0400         0x0000fc00         rw
m_data           0x20000000         0x00030000         rw
m_flash_config   0x00000400         0x00000010         xr
*default*        0x00000000         0xffffffff

Linker script and memory map

LOAD c:/freescale/kds_v3/toolchain/bin/../lib/gcc/arm-none-eabi/4.8.4/armv7e-m/fpu/crti.o
LOAD c:/freescale/kds_v3/toolchain/bin/../lib/gcc/arm-none-eabi/4.8.4/armv7e-m/fpu/crtbegin.o
LOAD c:/freescale/kds_v3/toolchain/bin/../lib/gcc/arm-none-eabi/4.8.4/../../../../arm-none-eabi/lib/armv7e-m/fpu/crt0.o
LOAD ./uCOS-III/Source/os_cfg_app.o
LOAD ./uCOS-III/Source/os_core.o
LOAD ./uCOS-III/Source/os_dbg.o
LOAD ./uCOS-III/Source/os_flag.o
LOAD ./uCOS-III/Source/os_int.o
LOAD ./uCOS-III/Source/os_mem.o
LOAD ./uCOS-III/Source/os_msg.o
LOAD ./uCOS-III/Source/os_mutex.o
LOAD ./uCOS-III/Source/os_pend_multi.o
LOAD ./uCOS-III/Source/os_prio.o
LOAD ./uCOS-III/Source/os_q.o
LOAD ./uCOS-III/Source/os_sem.o
LOAD ./uCOS-III/Source/os_stat.o
LOAD ./uCOS-III/Source/os_task.o
LOAD ./uCOS-III/Source/os_tick.o
LOAD ./uCOS-III/Source/os_time.o
LOAD ./uCOS-III/Source/os_tmr.o
LOAD ./uCOS-III/Source/os_var.o
LOAD ./uCOS-III/Ports/ARM-Cortex-M4/Generic/GNU/os_cpu_a.o
LOAD ./uCOS-III/Ports/ARM-Cortex-M4/Generic/GNU/os_cpu_c.o
LOAD ./uC-LIB/lib_ascii.o
LOAD ./uC-LIB/lib_math.o
LOAD ./uC-LIB/lib_mem.o
LOAD ./uC-LIB/lib_str.o
LOAD ./uC-CPU/ARM-Cortex-M4/GNU/cpu_a.o
LOAD ./uC-CPU/ARM-Cortex-M4/GNU/cpu_c.o
LOAD ./uC-CPU/cpu_core.o
LOAD ./KSDK/platform/system/interrupt/src/fsl_interrupt_manager.o
LOAD ./KSDK/platform/system/clock/MK64F12/fsl_clock_K64F12.o
LOAD ./KSDK/platform/system/clock/fsl_clock_manager.o
LOAD ./KSDK/platform/startup/MK64F12/system_MK64F12.o
LOAD ./KSDK/platform/osa/src/fsl_os_abstraction_ucosiii.o
LOAD ./KSDK/platform/hal/uart/fsl_uart_hal.o
LOAD ./KSDK/platform/hal/sim/MK64F12/fsl_sim_hal_K64F12.o
LOAD ./KSDK/platform/hal/sim/fsl_sim_hal.o
LOAD ./KSDK/platform/hal/port/fsl_port_hal.o
LOAD ./KSDK/platform/hal/mcg/fsl_mcg_hal.o
LOAD ./KSDK/platform/hal/gpio/fsl_gpio_hal.o
LOAD ./KSDK/platform/drivers/uart/src/fsl_uart_driver.o
LOAD ./KSDK/platform/drivers/uart/common/fsl_uart_common.o
LOAD ./KSDK/platform/drivers/gpio/src/fsl_gpio_driver.o
LOAD ./KSDK/platform/drivers/gpio/common/fsl_gpio_common.o
LOAD ./KSDK/boards/frdmk64f120m/gpio_pins.o
LOAD ./KSDK/boards/frdmk64f120m/hardware_init.o
LOAD ./KSDK/boards/frdmk64f120m/pin_mux.o
LOAD ./BSP/KSDK/KDS/startup_MK64F12.o
LOAD ./BSP/KSDK/startup.o
LOAD ./BSP/bsp_ser.o
LOAD ./BSP/cpu_bsp.o
LOAD ./APP/app.o
LOAD ./APP/os_app_hooks.o
LOAD c:/freescale/kds_v3/toolchain/bin/../lib/gcc/arm-none-eabi/4.8.4/../../../../arm-none-eabi/lib/armv7e-m/fpu\libm.a
START GROUP
LOAD c:/freescale/kds_v3/toolchain/bin/../lib/gcc/arm-none-eabi/4.8.4/armv7e-m/fpu\libgcc.a
LOAD c:/freescale/kds_v3/toolchain/bin/../lib/gcc/arm-none-eabi/4.8.4/../../../../arm-none-eabi/lib/armv7e-m/fpu\libg_s.a
LOAD c:/freescale/kds_v3/toolchain/bin/../lib/gcc/arm-none-eabi/4.8.4/../../../../arm-none-eabi/lib/armv7e-m/fpu\libc_s.a
END GROUP
START GROUP
LOAD c:/freescale/kds_v3/toolchain/bin/../lib/gcc/arm-none-eabi/4.8.4/armv7e-m/fpu\libgcc.a
LOAD c:/freescale/kds_v3/toolchain/bin/../lib/gcc/arm-none-eabi/4.8.4/../../../../arm-none-eabi/lib/armv7e-m/fpu\libc_s.a
LOAD c:/freescale/kds_v3/toolchain/bin/../lib/gcc/arm-none-eabi/4.8.4/../../../../arm-none-eabi/lib/armv7e-m/fpu\libnosys.a
END GROUP
START GROUP
LOAD c:/freescale/kds_v3/toolchain/bin/../lib/gcc/arm-none-eabi/4.8.4/armv7e-m/fpu\libgcc.a
LOAD c:/freescale/kds_v3/toolchain/bin/../lib/gcc/arm-none-eabi/4.8.4/../../../../arm-none-eabi/lib/armv7e-m/fpu\libc_s.a
LOAD c:/freescale/kds_v3/toolchain/bin/../lib/gcc/arm-none-eabi/4.8.4/../../../../arm-none-eabi/lib/armv7e-m/fpu\libnosys.a
END GROUP
LOAD c:/freescale/kds_v3/toolchain/bin/../lib/gcc/arm-none-eabi/4.8.4/armv7e-m/fpu/crtend.o
LOAD c:/freescale/kds_v3/toolchain/bin/../lib/gcc/arm-none-eabi/4.8.4/armv7e-m/fpu/crtn.o
                0x00008000                HEAP_SIZE = DEFINED (__heap_size__)?__heap_size__:0x8000
                0x00004000                STACK_SIZE = DEFINED (__stack_size__)?__stack_size__:0x4000

.interrupts     0x00000000      0x400
                0x00000000                __VECTOR_TABLE = .
                0x00000000                . = ALIGN (0x4)
 *(.isr_vector)
 .isr_vector    0x00000000      0x400 ./BSP/KSDK/KDS/startup_MK64F12.o
                0x00000000                __isr_vector
                0x00000400                . = ALIGN (0x4)
                0x1fff0000                __VECTOR_RAM = ORIGIN (m_interrupts_ram)

.flash_config   0x00000400       0x10
                0x00000400                . = ALIGN (0x4)
 *(.FlashConfig)
 .FlashConfig   0x00000400       0x10 ./BSP/KSDK/KDS/startup_MK64F12.o
                0x00000410                . = ALIGN (0x4)

.text           0x00000410     0x70c0
                0x00000410                . = ALIGN (0x4)
 *(.text)
 .text          0x00000410       0x54 c:/freescale/kds_v3/toolchain/bin/../lib/gcc/arm-none-eabi/4.8.4/armv7e-m/fpu/crtbegin.o
 .text          0x00000464       0x74 c:/freescale/kds_v3/toolchain/bin/../lib/gcc/arm-none-eabi/4.8.4/../../../../arm-none-eabi/lib/armv7e-m/fpu/crt0.o
                0x00000464                _start
                0x00000464                _mainCRTStartup
 .text          0x000004d8       0xfc ./uCOS-III/Ports/ARM-Cortex-M4/Generic/GNU/os_cpu_a.o
                0x000004d8                OS_CPU_FP_Reg_Push
                0x000004ea                OS_CPU_FP_Reg_Pop
                0x000004f6                OSStartHighRdy
                0x00000566                OSCtxSw
                0x0000056e                OSIntCtxSw
                0x00000576                PendSV_Handler
 .text          0x000005d4       0x34 ./uC-CPU/ARM-Cortex-M4/GNU/cpu_a.o
                0x000005d4                CPU_IntDis
                0x000005d8                CPU_IntEn
                0x000005dc                CPU_SR_Save
                0x000005e4                CPU_SR_Restore
                0x000005ea                CPU_WaitForInt
                0x000005ee                CPU_WaitForExcept
                0x000005f2                CPU_CntLeadZeros
                0x000005f8                CPU_CntTrailZeros
                0x00000602                CPU_RevBits
 .text          0x00000608       0x3c ./BSP/KSDK/KDS/startup_MK64F12.o
                0x00000608                Reset_Handler
                0x00000640                DebugMon_Handler
                0x00000640                I2C0_IRQHandler
                0x00000640                HardFault_Handler
                0x00000640                UART3_RX_TX_IRQHandler
                0x00000640                NMI_Handler
                0x00000640                UART0_RX_TX_IRQHandler
                0x00000640                I2C1_IRQHandler
                0x00000640                DMA2_IRQHandler
                0x00000640                ENET_Error_IRQHandler
                0x00000640                CAN0_Tx_Warning_IRQHandler
                0x00000640                PIT0_IRQHandler
                0x00000640                CAN0_ORed_Message_buffer_IRQHandler
                0x00000640                Watchdog_IRQHandler
                0x00000640                CMP2_IRQHandler
                0x00000640                ENET_Receive_IRQHandler
                0x00000640                ENET_1588_Timer_IRQHandler
                0x00000640                UART2_RX_TX_IRQHandler
                0x00000640                SWI_IRQHandler
                0x00000640                ADC0_IRQHandler
                0x00000640                UsageFault_Handler
                0x00000640                I2S0_Tx_IRQHandler
                0x00000640                CMT_IRQHandler
                0x00000640                UART4_RX_TX_IRQHandler
                0x00000640                SPI1_IRQHandler
                0x00000640                DefaultISR
                0x00000640                DMA9_IRQHandler
                0x00000640                DMA14_IRQHandler
                0x00000640                CMP1_IRQHandler
                0x00000640                Reserved71_IRQHandler
                0x00000640                PORTD_IRQHandler
                0x00000640                PORTB_IRQHandler
                0x00000640                UART4_ERR_IRQHandler
                0x00000640                ADC1_IRQHandler
                0x00000640                I2C2_IRQHandler
                0x00000640                PIT2_IRQHandler
                0x00000640                I2S0_Rx_IRQHandler
                0x00000640                LPTimer_IRQHandler
                0x00000640                DMA5_IRQHandler
                0x00000640                RTC_IRQHandler
                0x00000640                PDB0_IRQHandler
                0x00000640                CAN0_Rx_Warning_IRQHandler
                0x00000640                FTM1_IRQHandler
                0x00000640                UART5_RX_TX_IRQHandler
                0x00000640                UART3_ERR_IRQHandler
                0x00000640                PIT3_IRQHandler
                0x00000640                SDHC_IRQHandler
                0x00000640                RTC_Seconds_IRQHandler
                0x00000640                MCG_IRQHandler
                0x00000640                FTFE_IRQHandler
                0x00000640                UART2_ERR_IRQHandler
                0x00000640                DMA11_IRQHandler
                0x00000640                UART5_ERR_IRQHandler
                0x00000640                Read_Collision_IRQHandler
                0x00000640                Default_Handler
                0x00000640                DMA7_IRQHandler
                0x00000640                ENET_Transmit_IRQHandler
                0x00000640                USBDCD_IRQHandler
                0x00000640                USB0_IRQHandler
                0x00000640                LLW_IRQHandler
                0x00000640                SPI2_IRQHandler
                0x00000640                MemManage_Handler
                0x00000640                SVC_Handler
                0x00000640                DMA13_IRQHandler
                0x00000640                DMA3_IRQHandler
                0x00000640                UART0_LON_IRQHandler
                0x00000640                RNG_IRQHandler
                0x00000640                DMA0_IRQHandler
                0x00000640                DMA15_IRQHandler
                0x00000640                DAC0_IRQHandler
                0x00000640                CAN0_Error_IRQHandler
                0x00000640                DMA4_IRQHandler
                0x00000640                PIT1_IRQHandler
                0x00000640                UART0_ERR_IRQHandler
                0x00000640                DMA_Error_IRQHandler
                0x00000640                LVD_LVW_IRQHandler
                0x00000640                SPI0_IRQHandler
                0x00000640                FTM0_IRQHandler
                0x00000640                PORTA_IRQHandler
                0x00000640                DAC1_IRQHandler
                0x00000640                MCM_IRQHandler
                0x00000640                DMA12_IRQHandler
                0x00000640                CAN0_Bus_Off_IRQHandler
                0x00000640                FTM3_IRQHandler
                0x00000640                PORTE_IRQHandler
                0x00000640                FTM2_IRQHandler
                0x00000640                BusFault_Handler
                0x00000640                DMA8_IRQHandler
                0x00000640                DMA10_IRQHandler
                0x00000640                CAN0_Wake_Up_IRQHandler
                0x00000640                UART1_ERR_IRQHandler
                0x00000640                UART1_RX_TX_IRQHandler
                0x00000640                CMP0_IRQHandler
                0x00000640                PORTC_IRQHandler
                0x00000640                DMA6_IRQHandler
                0x00000640                DMA1_IRQHandler
 *(.text*)
 .text.OSCfg_Init
                0x00000644        0xc ./uCOS-III/Source/os_cfg_app.o
                0x00000644                OSCfg_Init
 .text.OSInit   0x00000650      0x1d4 ./uCOS-III/Source/os_core.o
                0x00000650                OSInit
 .text.OSIntEnter
                0x00000824       0x34 ./uCOS-III/Source/os_core.o
                0x00000824                OSIntEnter
 .text.OSIntExit
                0x00000858       0xc0 ./uCOS-III/Source/os_core.o
                0x00000858                OSIntExit
 .text.OSSched  0x00000918       0x94 ./uCOS-III/Source/os_core.o
                0x00000918                OSSched
 .text.OSSchedLock
                0x000009ac       0x54 ./uCOS-III/Source/os_core.o
                0x000009ac                OSSchedLock
 .text.OSSchedUnlock
                0x00000a00       0x70 ./uCOS-III/Source/os_core.o
                0x00000a00                OSSchedUnlock
 .text.OSSchedRoundRobinCfg
                0x00000a70       0x64 ./uCOS-III/Source/os_core.o
                0x00000a70                OSSchedRoundRobinCfg
 .text.OSStart  0x00000ad4       0x80 ./uCOS-III/Source/os_core.o
                0x00000ad4                OSStart
 .text.OS_IdleTask
                0x00000b54       0x34 ./uCOS-III/Source/os_core.o
                0x00000b54                OS_IdleTask
 .text.OS_IdleTaskInit
                0x00000b88       0x68 ./uCOS-III/Source/os_core.o
                0x00000b88                OS_IdleTaskInit
 .text.OS_Pend  0x00000bf0       0x84 ./uCOS-III/Source/os_core.o
                0x00000bf0                OS_Pend
 .text.OS_PendDataInit
                0x00000c74       0x6c ./uCOS-III/Source/os_core.o
                0x00000c74                OS_PendDataInit
 .text.OS_PendDbgNameAdd
                0x00000ce0       0x7c ./uCOS-III/Source/os_core.o
                0x00000ce0                OS_PendDbgNameAdd
 .text.OS_PendDbgNameRemove
                0x00000d5c       0x48 ./uCOS-III/Source/os_core.o
                0x00000d5c                OS_PendDbgNameRemove
 .text.OS_PendListChangePrio
                0x00000da4       0x54 ./uCOS-III/Source/os_core.o
                0x00000da4                OS_PendListChangePrio
 .text.OS_PendListInit
                0x00000df8       0x24 ./uCOS-III/Source/os_core.o
                0x00000df8                OS_PendListInit
 .text.OS_PendListInsertPrio
                0x00000e1c       0xe4 ./uCOS-III/Source/os_core.o
                0x00000e1c                OS_PendListInsertPrio
 .text.OS_PendListRemove
                0x00000f00       0x54 ./uCOS-III/Source/os_core.o
                0x00000f00                OS_PendListRemove
 .text.OS_PendListRemove1
                0x00000f54       0x94 ./uCOS-III/Source/os_core.o
                0x00000f54                OS_PendListRemove1
 .text.OS_Post  0x00000fe8      0x12c ./uCOS-III/Source/os_core.o
                0x00000fe8                OS_Post
 .text.OS_Post1
                0x00001114       0x60 ./uCOS-III/Source/os_core.o
                0x00001114                OS_Post1
 .text.OS_RdyListInit
                0x00001174       0x48 ./uCOS-III/Source/os_core.o
                0x00001174                OS_RdyListInit
 .text.OS_RdyListInsert
                0x000011bc       0x3c ./uCOS-III/Source/os_core.o
                0x000011bc                OS_RdyListInsert
 .text.OS_RdyListInsertHead
                0x000011f8       0x80 ./uCOS-III/Source/os_core.o
                0x000011f8                OS_RdyListInsertHead
 .text.OS_RdyListInsertTail
                0x00001278       0x80 ./uCOS-III/Source/os_core.o
                0x00001278                OS_RdyListInsertTail
 .text.OS_RdyListMoveHeadToTail
                0x000012f8       0x90 ./uCOS-III/Source/os_core.o
                0x000012f8                OS_RdyListMoveHeadToTail
 .text.OS_RdyListRemove
                0x00001388       0xac ./uCOS-III/Source/os_core.o
                0x00001388                OS_RdyListRemove
 .text.OS_SchedRoundRobin
                0x00001434       0xb4 ./uCOS-III/Source/os_core.o
                0x00001434                OS_SchedRoundRobin
 .text.OS_TaskBlock
                0x000014e8       0x3c ./uCOS-III/Source/os_core.o
                0x000014e8                OS_TaskBlock
 .text.OS_Dbg_Init
                0x00001524      0x238 ./uCOS-III/Source/os_dbg.o
                0x00001524                OS_Dbg_Init
 .text.OS_FlagInit
                0x0000175c       0x2c ./uCOS-III/Source/os_flag.o
                0x0000175c                OS_FlagInit
 .text.OS_MemInit
                0x00001788       0x2c ./uCOS-III/Source/os_mem.o
                0x00001788                OS_MemInit
 .text.OS_MsgPoolInit
                0x000017b4       0xac ./uCOS-III/Source/os_msg.o
                0x000017b4                OS_MsgPoolInit
 .text.OS_MsgQFreeAll
                0x00001860       0x78 ./uCOS-III/Source/os_msg.o
                0x00001860                OS_MsgQFreeAll
 .text.OS_MsgQInit
                0x000018d8       0x34 ./uCOS-III/Source/os_msg.o
                0x000018d8                OS_MsgQInit
 .text.OSMutexCreate
                0x0000190c       0x6c ./uCOS-III/Source/os_mutex.o
                0x0000190c                OSMutexCreate
 .text.OSMutexPend
                0x00001978      0x1ac ./uCOS-III/Source/os_mutex.o
                0x00001978                OSMutexPend
 .text.OSMutexPost
                0x00001b24      0x154 ./uCOS-III/Source/os_mutex.o
                0x00001b24                OSMutexPost
 .text.OS_MutexDbgListAdd
                0x00001c78       0x4c ./uCOS-III/Source/os_mutex.o
                0x00001c78                OS_MutexDbgListAdd
 .text.OS_MutexInit
                0x00001cc4       0x2c ./uCOS-III/Source/os_mutex.o
                0x00001cc4                OS_MutexInit
 .text.OS_MutexGrpAdd
                0x00001cf0       0x24 ./uCOS-III/Source/os_mutex.o
                0x00001cf0                OS_MutexGrpAdd
 .text.OS_MutexGrpRemove
                0x00001d14       0x38 ./uCOS-III/Source/os_mutex.o
                0x00001d14                OS_MutexGrpRemove
 .text.OS_MutexGrpPrioFindHighest
                0x00001d4c       0x58 ./uCOS-III/Source/os_mutex.o
                0x00001d4c                OS_MutexGrpPrioFindHighest
 .text.OS_MutexGrpPostAll
                0x00001da4       0x84 ./uCOS-III/Source/os_mutex.o
                0x00001da4                OS_MutexGrpPostAll
 .text.OS_PrioInit
                0x00001e28       0x30 ./uCOS-III/Source/os_prio.o
                0x00001e28                OS_PrioInit
 .text.OS_PrioGetHighest
                0x00001e58       0x48 ./uCOS-III/Source/os_prio.o
                0x00001e58                OS_PrioGetHighest
 .text.OS_PrioInsert
                0x00001ea0       0x4c ./uCOS-III/Source/os_prio.o
                0x00001ea0                OS_PrioInsert
 .text.OS_PrioRemove
                0x00001eec       0x50 ./uCOS-III/Source/os_prio.o
                0x00001eec                OS_PrioRemove
 .text.OS_QInit
                0x00001f3c       0x2c ./uCOS-III/Source/os_q.o
                0x00001f3c                OS_QInit
 .text.OSSemCreate
                0x00001f68       0x60 ./uCOS-III/Source/os_sem.o
                0x00001f68                OSSemCreate
 .text.OSSemPend
                0x00001fc8      0x158 ./uCOS-III/Source/os_sem.o
                0x00001fc8                OSSemPend
 .text.OSSemPost
                0x00002120       0x2c ./uCOS-III/Source/os_sem.o
                0x00002120                OSSemPost
 .text.OS_SemDbgListAdd
                0x0000214c       0x4c ./uCOS-III/Source/os_sem.o
                0x0000214c                OS_SemDbgListAdd
 .text.OS_SemInit
                0x00002198       0x2c ./uCOS-III/Source/os_sem.o
                0x00002198                OS_SemInit
 .text.OS_SemPost
                0x000021c4       0xd4 ./uCOS-III/Source/os_sem.o
                0x000021c4                OS_SemPost
 .text.OSStatReset
                0x00002298      0x100 ./uCOS-III/Source/os_stat.o
                0x00002298                OSStatReset
 .text.OS_StatTask
                0x00002398      0x2f4 ./uCOS-III/Source/os_stat.o
                0x00002398                OS_StatTask
 .text.OS_StatTaskInit
                0x0000268c       0xd4 ./uCOS-III/Source/os_stat.o
                0x0000268c                OS_StatTaskInit
 .text.OSTaskCreate
                0x00002760      0x184 ./uCOS-III/Source/os_task.o
                0x00002760                OSTaskCreate
 .text.OSTaskDel
                0x000028e4      0x1b4 ./uCOS-III/Source/os_task.o
                0x000028e4                OSTaskDel
 .text.OSTaskSemPend
                0x00002a98      0x190 ./uCOS-III/Source/os_task.o
                0x00002a98                OSTaskSemPend
 .text.OSTaskSemPost
                0x00002c28       0x2c ./uCOS-III/Source/os_task.o
                0x00002c28                OSTaskSemPost
 .text.OSTaskStkChk
                0x00002c54       0xb0 ./uCOS-III/Source/os_task.o
                0x00002c54                OSTaskStkChk
 .text.OS_TaskDbgListAdd
                0x00002d04       0x4c ./uCOS-III/Source/os_task.o
                0x00002d04                OS_TaskDbgListAdd
 .text.OS_TaskDbgListRemove
                0x00002d50       0x84 ./uCOS-III/Source/os_task.o
                0x00002d50                OS_TaskDbgListRemove
 .text.OS_TaskInit
                0x00002dd4       0x38 ./uCOS-III/Source/os_task.o
                0x00002dd4                OS_TaskInit
 .text.OS_TaskInitTCB
                0x00002e0c      0x19c ./uCOS-III/Source/os_task.o
                0x00002e0c                OS_TaskInitTCB
 .text.OS_TaskReturn
                0x00002fa8       0x24 ./uCOS-III/Source/os_task.o
                0x00002fa8                OS_TaskReturn
 .text.OS_TaskSemPost
                0x00002fcc      0x114 ./uCOS-III/Source/os_task.o
                0x00002fcc                OS_TaskSemPost
 .text.OS_TaskChangePrio
                0x000030e0      0x144 ./uCOS-III/Source/os_task.o
                0x000030e0                OS_TaskChangePrio
 .text.OS_TickTask
                0x00003224       0x60 ./uCOS-III/Source/os_tick.o
                0x00003224                OS_TickTask
 .text.OS_TickTaskInit
                0x00003284       0xd8 ./uCOS-III/Source/os_tick.o
                0x00003284                OS_TickTaskInit
 .text.OS_TickListInsert
                0x0000335c      0x130 ./uCOS-III/Source/os_tick.o
                0x0000335c                OS_TickListInsert
 .text.OS_TickListInsertDly
                0x0000348c      0x108 ./uCOS-III/Source/os_tick.o
                0x0000348c                OS_TickListInsertDly
 .text.OS_TickListRemove
                0x00003594       0xc8 ./uCOS-III/Source/os_tick.o
                0x00003594                OS_TickListRemove
 .text.OS_TickListResetPeak
                0x0000365c        0xc ./uCOS-III/Source/os_tick.o
                0x0000365c                OS_TickListResetPeak
 .text.OS_TickListUpdateDly
                0x00003668       0xb4 ./uCOS-III/Source/os_tick.o
 .text.OS_TickListUpdateTimeout
                0x0000371c      0x150 ./uCOS-III/Source/os_tick.o
 .text.OSTimeDly
                0x0000386c       0xb8 ./uCOS-III/Source/os_time.o
                0x0000386c                OSTimeDly
 .text.OSTimeDlyHMSM
                0x00003924      0x138 ./uCOS-III/Source/os_time.o
                0x00003924                OSTimeDlyHMSM
 .text.OSTimeTick
                0x00003a5c       0x74 ./uCOS-III/Source/os_time.o
                0x00003a5c                OSTimeTick
 .text.OS_TmrInit
                0x00003ad0      0x134 ./uCOS-III/Source/os_tmr.o
                0x00003ad0                OS_TmrInit
 .text.OS_TmrResetPeak
                0x00003c04        0xc ./uCOS-III/Source/os_tmr.o
                0x00003c04                OS_TmrResetPeak
 .text.OS_TmrUnlink
                0x00003c10       0x7c ./uCOS-III/Source/os_tmr.o
                0x00003c10                OS_TmrUnlink
 .text.OS_TmrTask
                0x00003c8c       0xcc ./uCOS-III/Source/os_tmr.o
                0x00003c8c                OS_TmrTask
 .text.OS_TmrLock
                0x00003d58       0x20 ./uCOS-III/Source/os_tmr.o
 .text.OS_TmrUnlock
                0x00003d78       0x1c ./uCOS-III/Source/os_tmr.o
 .text.OSIdleTaskHook
                0x00003d94       0x18 ./uCOS-III/Ports/ARM-Cortex-M4/Generic/GNU/os_cpu_c.o
                0x00003d94                OSIdleTaskHook
 .text.OSInitHook
                0x00003dac       0x38 ./uCOS-III/Ports/ARM-Cortex-M4/Generic/GNU/os_cpu_c.o
                0x00003dac                OSInitHook
 .text.OSStatTaskHook
                0x00003de4       0x18 ./uCOS-III/Ports/ARM-Cortex-M4/Generic/GNU/os_cpu_c.o
                0x00003de4                OSStatTaskHook
 .text.OSTaskCreateHook
                0x00003dfc       0x24 ./uCOS-III/Ports/ARM-Cortex-M4/Generic/GNU/os_cpu_c.o
                0x00003dfc                OSTaskCreateHook
 .text.OSTaskDelHook
                0x00003e20       0x24 ./uCOS-III/Ports/ARM-Cortex-M4/Generic/GNU/os_cpu_c.o
                0x00003e20                OSTaskDelHook
 .text.OSTaskReturnHook
                0x00003e44       0x24 ./uCOS-III/Ports/ARM-Cortex-M4/Generic/GNU/os_cpu_c.o
                0x00003e44                OSTaskReturnHook
 .text.OSTaskStkInit
                0x00003e68      0x34c ./uCOS-III/Ports/ARM-Cortex-M4/Generic/GNU/os_cpu_c.o
                0x00003e68                OSTaskStkInit
 .text.OSTaskSwHook
                0x000041b4       0xa8 ./uCOS-III/Ports/ARM-Cortex-M4/Generic/GNU/os_cpu_c.o
                0x000041b4                OSTaskSwHook
 .text.OSTimeTickHook
                0x0000425c       0x18 ./uCOS-III/Ports/ARM-Cortex-M4/Generic/GNU/os_cpu_c.o
                0x0000425c                OSTimeTickHook
 .text.SysTick_Handler
                0x00004274       0x1c ./uCOS-III/Ports/ARM-Cortex-M4/Generic/GNU/os_cpu_c.o
                0x00004274                SysTick_Handler
 .text.OS_CPU_SysTickInit
                0x00004290       0x54 ./uCOS-III/Ports/ARM-Cortex-M4/Generic/GNU/os_cpu_c.o
                0x00004290                OS_CPU_SysTickInit
 .text.Mem_Clr  0x000042e4       0x1c ./uC-LIB/lib_mem.o
                0x000042e4                Mem_Clr
 .text.Mem_Set  0x00004300       0xb4 ./uC-LIB/lib_mem.o
                0x00004300                Mem_Set
 .text.Str_Len_N
                0x000043b4       0x44 ./uC-LIB/lib_str.o
                0x000043b4                Str_Len_N
 .text.Str_Copy_N
                0x000043f8       0x90 ./uC-LIB/lib_str.o
                0x000043f8                Str_Copy_N
 .text.CPU_Init
                0x00004488       0x10 ./uC-CPU/cpu_core.o
                0x00004488                CPU_Init
 .text.CPU_SW_Exception
                0x00004498        0x8 ./uC-CPU/cpu_core.o
                0x00004498                CPU_SW_Exception
 .text.CPU_NameClr
                0x000044a0       0x1c ./uC-CPU/cpu_core.o
                0x000044a0                CPU_NameClr
 .text.CPU_NameSet
                0x000044bc       0x60 ./uC-CPU/cpu_core.o
                0x000044bc                CPU_NameSet
 .text.CPU_TS_TmrFreqSet
                0x0000451c       0x1c ./uC-CPU/cpu_core.o
                0x0000451c                CPU_TS_TmrFreqSet
 .text.CPU_NameInit
                0x00004538        0xc ./uC-CPU/cpu_core.o
 .text.CPU_TS_Init
                0x00004544       0x3c ./uC-CPU/cpu_core.o
 .text.INT_SYS_InstallHandler
                0x00004580       0x60 ./KSDK/platform/system/interrupt/src/fsl_interrupt_manager.o
                0x00004580                INT_SYS_InstallHandler
 .text.INT_SYS_EnableIRQGlobal
                0x000045e0       0x30 ./KSDK/platform/system/interrupt/src/fsl_interrupt_manager.o
                0x000045e0                INT_SYS_EnableIRQGlobal
 .text.INT_SYS_DisableIRQGlobal
                0x00004610       0x1c ./KSDK/platform/system/interrupt/src/fsl_interrupt_manager.o
                0x00004610                INT_SYS_DisableIRQGlobal
 .text.SystemInit
                0x0000462c      0x1f4 ./KSDK/platform/startup/MK64F12/system_MK64F12.o
                0x0000462c                SystemInit
 .text.OSA_Init
                0x00004820       0x48 ./KSDK/platform/osa/src/fsl_os_abstraction_ucosiii.o
                0x00004820                OSA_Init
 .text.OSA_Start
                0x00004868       0x24 ./KSDK/platform/osa/src/fsl_os_abstraction_ucosiii.o
                0x00004868                OSA_Start
 .text.SIM_HAL_EnablePortClock
                0x0000488c       0x8c ./KSDK/platform/hal/sim/MK64F12/fsl_sim_hal_K64F12.o
                0x0000488c                SIM_HAL_EnablePortClock
 .text.GPIO_HAL_SetPinDir
                0x00004918       0x68 ./KSDK/platform/hal/gpio/fsl_gpio_hal.o
                0x00004918                GPIO_HAL_SetPinDir
 .text.GPIO_HAL_WritePinOutput
                0x00004980       0x54 ./KSDK/platform/hal/gpio/fsl_gpio_hal.o
                0x00004980                GPIO_HAL_WritePinOutput
 .text.NVIC_EnableIRQ
                0x000049d4       0x30 ./KSDK/platform/drivers/gpio/src/fsl_gpio_driver.o
 .text.PORT_HAL_SetPullMode
                0x00004a04       0x44 ./KSDK/platform/drivers/gpio/src/fsl_gpio_driver.o
 .text.PORT_HAL_SetPullCmd
                0x00004a48       0x48 ./KSDK/platform/drivers/gpio/src/fsl_gpio_driver.o
 .text.PORT_HAL_SetSlewRateMode
                0x00004a90       0x48 ./KSDK/platform/drivers/gpio/src/fsl_gpio_driver.o
 .text.PORT_HAL_SetPassiveFilterCmd
                0x00004ad8       0x48 ./KSDK/platform/drivers/gpio/src/fsl_gpio_driver.o
 .text.PORT_HAL_SetOpenDrainCmd
                0x00004b20       0x48 ./KSDK/platform/drivers/gpio/src/fsl_gpio_driver.o
 .text.PORT_HAL_SetDriveStrengthMode
                0x00004b68       0x48 ./KSDK/platform/drivers/gpio/src/fsl_gpio_driver.o
 .text.PORT_HAL_SetDigitalFilterCmd
                0x00004bb0       0x4c ./KSDK/platform/drivers/gpio/src/fsl_gpio_driver.o
 .text.PORT_HAL_SetPinIntMode
                0x00004bfc       0x58 ./KSDK/platform/drivers/gpio/src/fsl_gpio_driver.o
 .text.GPIO_HAL_TogglePinOutput
                0x00004c54       0x3c ./KSDK/platform/drivers/gpio/src/fsl_gpio_driver.o
 .text.CLOCK_SYS_EnablePortClock
                0x00004c90       0x20 ./KSDK/platform/drivers/gpio/src/fsl_gpio_driver.o
 .text.INT_SYS_EnableIRQ
                0x00004cb0       0x54 ./KSDK/platform/drivers/gpio/src/fsl_gpio_driver.o
 .text.GPIO_DRV_Init
                0x00004d04       0x50 ./KSDK/platform/drivers/gpio/src/fsl_gpio_driver.o
                0x00004d04                GPIO_DRV_Init
 .text.GPIO_DRV_InputPinInit
                0x00004d54       0xbc ./KSDK/platform/drivers/gpio/src/fsl_gpio_driver.o
                0x00004d54                GPIO_DRV_InputPinInit
 .text.GPIO_DRV_OutputPinInit
                0x00004e10       0x84 ./KSDK/platform/drivers/gpio/src/fsl_gpio_driver.o
                0x00004e10                GPIO_DRV_OutputPinInit
 .text.GPIO_DRV_WritePinOutput
                0x00004e94       0x34 ./KSDK/platform/drivers/gpio/src/fsl_gpio_driver.o
                0x00004e94                GPIO_DRV_WritePinOutput
 .text.GPIO_DRV_TogglePinOutput
                0x00004ec8       0x30 ./KSDK/platform/drivers/gpio/src/fsl_gpio_driver.o
                0x00004ec8                GPIO_DRV_TogglePinOutput
 .text.CLOCK_SYS_EnablePortClock
                0x00004ef8       0x20 ./KSDK/boards/frdmk64f120m/hardware_init.o
 .text.hardware_init
                0x00004f18       0x70 ./KSDK/boards/frdmk64f120m/hardware_init.o
                0x00004f18                hardware_init
 .text.PORT_HAL_SetPullMode
                0x00004f88       0x44 ./KSDK/boards/frdmk64f120m/pin_mux.o
 .text.PORT_HAL_SetPullCmd
                0x00004fcc       0x48 ./KSDK/boards/frdmk64f120m/pin_mux.o
 .text.PORT_HAL_SetSlewRateMode
                0x00005014       0x48 ./KSDK/boards/frdmk64f120m/pin_mux.o
 .text.PORT_HAL_SetPassiveFilterCmd
                0x0000505c       0x48 ./KSDK/boards/frdmk64f120m/pin_mux.o
 .text.PORT_HAL_SetOpenDrainCmd
                0x000050a4       0x48 ./KSDK/boards/frdmk64f120m/pin_mux.o
 .text.PORT_HAL_SetDriveStrengthMode
                0x000050ec       0x48 ./KSDK/boards/frdmk64f120m/pin_mux.o
 .text.PORT_HAL_SetMuxMode
                0x00005134       0x54 ./KSDK/boards/frdmk64f120m/pin_mux.o
 .text.configure_adc_pins
                0x00005188       0x1c ./KSDK/boards/frdmk64f120m/pin_mux.o
                0x00005188                configure_adc_pins
 .text.configure_enet_pins
                0x000051a4       0xc4 ./KSDK/boards/frdmk64f120m/pin_mux.o
                0x000051a4                configure_enet_pins
 .text.configure_gpio_pins
                0x00005268      0x184 ./KSDK/boards/frdmk64f120m/pin_mux.o
                0x00005268                configure_gpio_pins
 .text.configure_i2c_pins
                0x000053ec       0x78 ./KSDK/boards/frdmk64f120m/pin_mux.o
                0x000053ec                configure_i2c_pins
 .text.configure_sdhc_pins
                0x00005464      0x104 ./KSDK/boards/frdmk64f120m/pin_mux.o
                0x00005464                configure_sdhc_pins
 .text.configure_spi_pins
                0x00005568       0x74 ./KSDK/boards/frdmk64f120m/pin_mux.o
                0x00005568                configure_spi_pins
 .text.configure_uart_pins
                0x000055dc       0x50 ./KSDK/boards/frdmk64f120m/pin_mux.o
                0x000055dc                configure_uart_pins
 .text.configure_ftm_pins
                0x0000562c       0x30 ./KSDK/boards/frdmk64f120m/pin_mux.o
                0x0000562c                configure_ftm_pins
 .text.init_data_bss
                0x0000565c       0xb8 ./BSP/KSDK/startup.o
                0x0000565c                init_data_bss
 .text.CPU_TS_TmrInit
                0x00005714       0x48 ./BSP/cpu_bsp.o
                0x00005714                CPU_TS_TmrInit
 .text.CPU_TS_TmrRd
                0x0000575c       0x20 ./BSP/cpu_bsp.o
                0x0000575c                CPU_TS_TmrRd
 .text.NVIC_EnableIRQ
                0x0000577c       0x30 ./APP/app.o
 .text.INT_SYS_EnableIRQ
                0x000057ac       0x54 ./APP/app.o
 .text.main     0x00005800       0x8c ./APP/app.o
                0x00005800                main
 .text.startTask
                0x0000588c       0xb4 ./APP/app.o
 .text.setupADC0
                0x00005940       0x44 ./APP/app.o
 .text.readADC0
                0x00005984       0x18 ./APP/app.o
 .text.ADCTask  0x0000599c       0x20 ./APP/app.o
 .text.ADC_InterruptHandler
                0x000059bc       0x40 ./APP/app.o
                0x000059bc                ADC_InterruptHandler
 .text.LEDTask  0x000059fc      0x1f4 ./APP/app.o
 .text.__assert_func
                0x00005bf0       0x38 c:/freescale/kds_v3/toolchain/bin/../lib/gcc/arm-none-eabi/4.8.4/../../../../arm-none-eabi/lib/armv7e-m/fpu\libg_s.a(lib_a-assert.o)
                0x00005bf0                __assert_func
 .text.exit     0x00005c28       0x28 c:/freescale/kds_v3/toolchain/bin/../lib/gcc/arm-none-eabi/4.8.4/../../../../arm-none-eabi/lib/armv7e-m/fpu\libg_s.a(lib_a-exit.o)
                0x00005c28                exit
 .text.fprintf  0x00005c50       0x24 c:/freescale/kds_v3/toolchain/bin/../lib/gcc/arm-none-eabi/4.8.4/../../../../arm-none-eabi/lib/armv7e-m/fpu\libg_s.a(lib_a-fprintf.o)
                0x00005c50                fiprintf
                0x00005c50                fprintf
 .text.__libc_init_array
                0x00005c74       0x4c c:/freescale/kds_v3/toolchain/bin/../lib/gcc/arm-none-eabi/4.8.4/../../../../arm-none-eabi/lib/armv7e-m/fpu\libg_s.a(lib_a-init.o)
                0x00005c74                __libc_init_array
 .text.memset   0x00005cc0       0x10 c:/freescale/kds_v3/toolchain/bin/../lib/gcc/arm-none-eabi/4.8.4/../../../../arm-none-eabi/lib/armv7e-m/fpu\libg_s.a(lib_a-memset.o)
                0x00005cc0                memset
 .text._free_r  0x00005cd0       0x88 c:/freescale/kds_v3/toolchain/bin/../lib/gcc/arm-none-eabi/4.8.4/../../../../arm-none-eabi/lib/armv7e-m/fpu\libg_s.a(lib_a-nano-freer.o)
                0x00005cd0                _free_r
 .text._malloc_r
                0x00005d58       0xa8 c:/freescale/kds_v3/toolchain/bin/../lib/gcc/arm-none-eabi/4.8.4/../../../../arm-none-eabi/lib/armv7e-m/fpu\libg_s.a(lib_a-nano-mallocr.o)
                0x00005d58                _malloc_r
 .text._sbrk_r  0x00005e00       0x20 c:/freescale/kds_v3/toolchain/bin/../lib/gcc/arm-none-eabi/4.8.4/../../../../arm-none-eabi/lib/armv7e-m/fpu\libg_s.a(lib_a-sbrkr.o)
                0x00005e00                _sbrk_r
 .text.__sfputc_r
                0x00005e20       0x2c c:/freescale/kds_v3/toolchain/bin/../lib/gcc/arm-none-eabi/4.8.4/../../../../arm-none-eabi/lib/armv7e-m/fpu\libg_s.a(lib_a-vfprintf.o)
 .text.__sfputs_r
                0x00005e4c       0x24 c:/freescale/kds_v3/toolchain/bin/../lib/gcc/arm-none-eabi/4.8.4/../../../../arm-none-eabi/lib/armv7e-m/fpu\libg_s.a(lib_a-vfprintf.o)
                0x00005e4c                __sfputs_r
 .text._vfprintf_r
                0x00005e70      0x208 c:/freescale/kds_v3/toolchain/bin/../lib/gcc/arm-none-eabi/4.8.4/../../../../arm-none-eabi/lib/armv7e-m/fpu\libg_s.a(lib_a-vfprintf.o)
                0x00005e70                _vfprintf_r
                0x00005e70                _vfiprintf_r
 .text._printf_common
                0x00006078       0xe4 c:/freescale/kds_v3/toolchain/bin/../lib/gcc/arm-none-eabi/4.8.4/../../../../arm-none-eabi/lib/armv7e-m/fpu\libg_s.a(lib_a-vfprintf_i.o)
                0x00006078                _printf_common
 .text._printf_i
                0x0000615c      0x228 c:/freescale/kds_v3/toolchain/bin/../lib/gcc/arm-none-eabi/4.8.4/../../../../arm-none-eabi/lib/armv7e-m/fpu\libg_s.a(lib_a-vfprintf_i.o)
                0x0000615c                _printf_i
 .text.__swbuf_r
                0x00006384       0xa8 c:/freescale/kds_v3/toolchain/bin/../lib/gcc/arm-none-eabi/4.8.4/../../../../arm-none-eabi/lib/armv7e-m/fpu\libg_s.a(lib_a-wbuf.o)
                0x00006384                __swbuf_r
 .text.__swsetup_r
                0x0000642c       0xdc c:/freescale/kds_v3/toolchain/bin/../lib/gcc/arm-none-eabi/4.8.4/../../../../arm-none-eabi/lib/armv7e-m/fpu\libg_s.a(lib_a-wsetup.o)
                0x0000642c                __swsetup_r
 .text.abort    0x00006508        0xe c:/freescale/kds_v3/toolchain/bin/../lib/gcc/arm-none-eabi/4.8.4/../../../../arm-none-eabi/lib/armv7e-m/fpu\libg_s.a(lib_a-abort.o)
                0x00006508                abort
 .text.__sflush_r
                0x00006516      0x106 c:/freescale/kds_v3/toolchain/bin/../lib/gcc/arm-none-eabi/4.8.4/../../../../arm-none-eabi/lib/armv7e-m/fpu\libg_s.a(lib_a-fflush.o)
                0x00006516                __sflush_r
 .text._fflush_r
                0x0000661c       0x54 c:/freescale/kds_v3/toolchain/bin/../lib/gcc/arm-none-eabi/4.8.4/../../../../arm-none-eabi/lib/armv7e-m/fpu\libg_s.a(lib_a-fflush.o)
                0x0000661c                _fflush_r
 .text._cleanup_r
                0x00006670       0x32 c:/freescale/kds_v3/toolchain/bin/../lib/gcc/arm-none-eabi/4.8.4/../../../../arm-none-eabi/lib/armv7e-m/fpu\libg_s.a(lib_a-findfp.o)
                0x00006670                _cleanup_r
 *fill*         0x000066a2        0x2 
 .text.std.isra.0
                0x000066a4       0x48 c:/freescale/kds_v3/toolchain/bin/../lib/gcc/arm-none-eabi/4.8.4/../../../../arm-none-eabi/lib/armv7e-m/fpu\libg_s.a(lib_a-findfp.o)
 .text.__sfmoreglue
                0x000066ec       0x2c c:/freescale/kds_v3/toolchain/bin/../lib/gcc/arm-none-eabi/4.8.4/../../../../arm-none-eabi/lib/armv7e-m/fpu\libg_s.a(lib_a-findfp.o)
                0x000066ec                __sfmoreglue
 .text.__sinit  0x00006718       0x60 c:/freescale/kds_v3/toolchain/bin/../lib/gcc/arm-none-eabi/4.8.4/../../../../arm-none-eabi/lib/armv7e-m/fpu\libg_s.a(lib_a-findfp.o)
                0x00006718                __sinit
 .text.__sfp    0x00006778       0x74 c:/freescale/kds_v3/toolchain/bin/../lib/gcc/arm-none-eabi/4.8.4/../../../../arm-none-eabi/lib/armv7e-m/fpu\libg_s.a(lib_a-findfp.o)
                0x00006778                __sfp
 .text.__smakebuf_r
                0x000067ec       0x9c c:/freescale/kds_v3/toolchain/bin/../lib/gcc/arm-none-eabi/4.8.4/../../../../arm-none-eabi/lib/armv7e-m/fpu\libg_s.a(lib_a-makebuf.o)
                0x000067ec                __smakebuf_r
 .text.memchr   0x00006888       0x1e c:/freescale/kds_v3/toolchain/bin/../lib/gcc/arm-none-eabi/4.8.4/../../../../arm-none-eabi/lib/armv7e-m/fpu\libg_s.a(lib_a-memchr-stub.o)
                0x00006888                memchr
 .text._raise_r
                0x000068a6       0x50 c:/freescale/kds_v3/toolchain/bin/../lib/gcc/arm-none-eabi/4.8.4/../../../../arm-none-eabi/lib/armv7e-m/fpu\libg_s.a(lib_a-signal.o)
                0x000068a6                _raise_r
 *fill*         0x000068f6        0x2 
 .text.raise    0x000068f8       0x10 c:/freescale/kds_v3/toolchain/bin/../lib/gcc/arm-none-eabi/4.8.4/../../../../arm-none-eabi/lib/armv7e-m/fpu\libg_s.a(lib_a-signal.o)
                0x000068f8                raise
 .text._kill_r  0x00006908       0x24 c:/freescale/kds_v3/toolchain/bin/../lib/gcc/arm-none-eabi/4.8.4/../../../../arm-none-eabi/lib/armv7e-m/fpu\libg_s.a(lib_a-signalr.o)
                0x00006908                _kill_r
 .text._getpid_r
                0x0000692c        0x4 c:/freescale/kds_v3/toolchain/bin/../lib/gcc/arm-none-eabi/4.8.4/../../../../arm-none-eabi/lib/armv7e-m/fpu\libg_s.a(lib_a-signalr.o)
                0x0000692c                _getpid_r
 .text.__sread  0x00006930       0x22 c:/freescale/kds_v3/toolchain/bin/../lib/gcc/arm-none-eabi/4.8.4/../../../../arm-none-eabi/lib/armv7e-m/fpu\libg_s.a(lib_a-stdio.o)
                0x00006930                __sread
 .text.__swrite
                0x00006952       0x38 c:/freescale/kds_v3/toolchain/bin/../lib/gcc/arm-none-eabi/4.8.4/../../../../arm-none-eabi/lib/armv7e-m/fpu\libg_s.a(lib_a-stdio.o)
                0x00006952                __swrite
 .text.__sseek  0x0000698a       0x24 c:/freescale/kds_v3/toolchain/bin/../lib/gcc/arm-none-eabi/4.8.4/../../../../arm-none-eabi/lib/armv7e-m/fpu\libg_s.a(lib_a-stdio.o)
                0x0000698a                __sseek
 .text.__sclose
                0x000069ae        0x8 c:/freescale/kds_v3/toolchain/bin/../lib/gcc/arm-none-eabi/4.8.4/../../../../arm-none-eabi/lib/armv7e-m/fpu\libg_s.a(lib_a-stdio.o)
                0x000069ae                __sclose
 .text.strlen   0x000069b6       0x10 c:/freescale/kds_v3/toolchain/bin/../lib/gcc/arm-none-eabi/4.8.4/../../../../arm-none-eabi/lib/armv7e-m/fpu\libg_s.a(lib_a-strlen.o)
                0x000069b6                strlen
 *fill*         0x000069c6        0x2 
 .text._write_r
                0x000069c8       0x24 c:/freescale/kds_v3/toolchain/bin/../lib/gcc/arm-none-eabi/4.8.4/../../../../arm-none-eabi/lib/armv7e-m/fpu\libg_s.a(lib_a-writer.o)
                0x000069c8                _write_r
 .text._close_r
                0x000069ec       0x20 c:/freescale/kds_v3/toolchain/bin/../lib/gcc/arm-none-eabi/4.8.4/../../../../arm-none-eabi/lib/armv7e-m/fpu\libg_s.a(lib_a-closer.o)
                0x000069ec                _close_r
 .text._fstat_r
                0x00006a0c       0x24 c:/freescale/kds_v3/toolchain/bin/../lib/gcc/arm-none-eabi/4.8.4/../../../../arm-none-eabi/lib/armv7e-m/fpu\libg_s.a(lib_a-fstatr.o)
                0x00006a0c                _fstat_r
 .text._isatty_r
                0x00006a30       0x20 c:/freescale/kds_v3/toolchain/bin/../lib/gcc/arm-none-eabi/4.8.4/../../../../arm-none-eabi/lib/armv7e-m/fpu\libg_s.a(lib_a-isattyr.o)
                0x00006a30                _isatty_r
 .text._lseek_r
                0x00006a50       0x24 c:/freescale/kds_v3/toolchain/bin/../lib/gcc/arm-none-eabi/4.8.4/../../../../arm-none-eabi/lib/armv7e-m/fpu\libg_s.a(lib_a-lseekr.o)
                0x00006a50                _lseek_r
 .text._read_r  0x00006a74       0x24 c:/freescale/kds_v3/toolchain/bin/../lib/gcc/arm-none-eabi/4.8.4/../../../../arm-none-eabi/lib/armv7e-m/fpu\libg_s.a(lib_a-readr.o)
                0x00006a74                _read_r
 .text._close   0x00006a98       0x10 c:/freescale/kds_v3/toolchain/bin/../lib/gcc/arm-none-eabi/4.8.4/../../../../arm-none-eabi/lib/armv7e-m/fpu\libnosys.a(close.o)
                0x00006a98                _close
 .text._fstat   0x00006aa8       0x10 c:/freescale/kds_v3/toolchain/bin/../lib/gcc/arm-none-eabi/4.8.4/../../../../arm-none-eabi/lib/armv7e-m/fpu\libnosys.a(fstat.o)
                0x00006aa8                _fstat
 .text._getpid  0x00006ab8       0x10 c:/freescale/kds_v3/toolchain/bin/../lib/gcc/arm-none-eabi/4.8.4/../../../../arm-none-eabi/lib/armv7e-m/fpu\libnosys.a(getpid.o)
                0x00006ab8                _getpid
 .text._isatty  0x00006ac8       0x10 c:/freescale/kds_v3/toolchain/bin/../lib/gcc/arm-none-eabi/4.8.4/../../../../arm-none-eabi/lib/armv7e-m/fpu\libnosys.a(isatty.o)
                0x00006ac8                _isatty
 .text._kill    0x00006ad8       0x10 c:/freescale/kds_v3/toolchain/bin/../lib/gcc/arm-none-eabi/4.8.4/../../../../arm-none-eabi/lib/armv7e-m/fpu\libnosys.a(kill.o)
                0x00006ad8                _kill
 .text._lseek   0x00006ae8       0x10 c:/freescale/kds_v3/toolchain/bin/../lib/gcc/arm-none-eabi/4.8.4/../../../../arm-none-eabi/lib/armv7e-m/fpu\libnosys.a(lseek.o)
                0x00006ae8                _lseek
 .text._read    0x00006af8       0x10 c:/freescale/kds_v3/toolchain/bin/../lib/gcc/arm-none-eabi/4.8.4/../../../../arm-none-eabi/lib/armv7e-m/fpu\libnosys.a(read.o)
                0x00006af8                _read
 .text._sbrk    0x00006b08       0x34 c:/freescale/kds_v3/toolchain/bin/../lib/gcc/arm-none-eabi/4.8.4/../../../../arm-none-eabi/lib/armv7e-m/fpu\libnosys.a(sbrk.o)
                0x00006b08                _sbrk
 .text._write   0x00006b3c       0x10 c:/freescale/kds_v3/toolchain/bin/../lib/gcc/arm-none-eabi/4.8.4/../../../../arm-none-eabi/lib/armv7e-m/fpu\libnosys.a(write.o)
                0x00006b3c                _write
 .text._exit    0x00006b4c        0x4 c:/freescale/kds_v3/toolchain/bin/../lib/gcc/arm-none-eabi/4.8.4/../../../../arm-none-eabi/lib/armv7e-m/fpu\libnosys.a(_exit.o)
                0x00006b4c                _exit
 *(.rodata)
 .rodata        0x00006b50       0x2c ./uCOS-III/Source/os_core.o
 .rodata        0x00006b7c        0xc ./uCOS-III/Source/os_mutex.o
 .rodata        0x00006b88        0xc ./uCOS-III/Source/os_sem.o
 .rodata        0x00006b94       0x14 ./uCOS-III/Source/os_stat.o
 .rodata        0x00006ba8        0xc ./uCOS-III/Source/os_task.o
 .rodata        0x00006bb4       0x14 ./uCOS-III/Source/os_tick.o
 .rodata        0x00006bc8       0x30 ./uCOS-III/Source/os_tmr.o
 .rodata        0x00006bf8       0xbc ./KSDK/platform/system/interrupt/src/fsl_interrupt_manager.o
 .rodata        0x00006cb4       0x5c ./KSDK/platform/hal/gpio/fsl_gpio_hal.o
 .rodata        0x00006d10      0x154 ./KSDK/platform/drivers/gpio/src/fsl_gpio_driver.o
 .rodata        0x00006e64       0x5c ./KSDK/boards/frdmk64f120m/pin_mux.o
 .rodata        0x00006ec0       0xd8 ./APP/app.o
 *(.rodata*)
 .rodata.OSCfg_IdleTaskStkBasePtr
                0x00006f98        0x4 ./uCOS-III/Source/os_cfg_app.o
                0x00006f98                OSCfg_IdleTaskStkBasePtr
 .rodata.OSCfg_IdleTaskStkLimit
                0x00006f9c        0x4 ./uCOS-III/Source/os_cfg_app.o
                0x00006f9c                OSCfg_IdleTaskStkLimit
 .rodata.OSCfg_IdleTaskStkSize
                0x00006fa0        0x4 ./uCOS-III/Source/os_cfg_app.o
                0x00006fa0                OSCfg_IdleTaskStkSize
 .rodata.OSCfg_ISRStkBasePtr
                0x00006fa4        0x4 ./uCOS-III/Source/os_cfg_app.o
                0x00006fa4                OSCfg_ISRStkBasePtr
 .rodata.OSCfg_ISRStkSize
                0x00006fa8        0x4 ./uCOS-III/Source/os_cfg_app.o
                0x00006fa8                OSCfg_ISRStkSize
 .rodata.OSCfg_MsgPoolSize
                0x00006fac        0x2 ./uCOS-III/Source/os_cfg_app.o
                0x00006fac                OSCfg_MsgPoolSize
 *fill*         0x00006fae        0x2 
 .rodata.OSCfg_MsgPoolBasePtr
                0x00006fb0        0x4 ./uCOS-III/Source/os_cfg_app.o
                0x00006fb0                OSCfg_MsgPoolBasePtr
 .rodata.OSCfg_StatTaskPrio
                0x00006fb4        0x1 ./uCOS-III/Source/os_cfg_app.o
                0x00006fb4                OSCfg_StatTaskPrio
 *fill*         0x00006fb5        0x3 
 .rodata.OSCfg_StatTaskRate_Hz
                0x00006fb8        0x4 ./uCOS-III/Source/os_cfg_app.o
                0x00006fb8                OSCfg_StatTaskRate_Hz
 .rodata.OSCfg_StatTaskStkBasePtr
                0x00006fbc        0x4 ./uCOS-III/Source/os_cfg_app.o
                0x00006fbc                OSCfg_StatTaskStkBasePtr
 .rodata.OSCfg_StatTaskStkLimit
                0x00006fc0        0x4 ./uCOS-III/Source/os_cfg_app.o
                0x00006fc0                OSCfg_StatTaskStkLimit
 .rodata.OSCfg_StatTaskStkSize
                0x00006fc4        0x4 ./uCOS-III/Source/os_cfg_app.o
                0x00006fc4                OSCfg_StatTaskStkSize
 .rodata.OSCfg_StkSizeMin
                0x00006fc8        0x4 ./uCOS-III/Source/os_cfg_app.o
                0x00006fc8                OSCfg_StkSizeMin
 .rodata.OSCfg_TickRate_Hz
                0x00006fcc        0x4 ./uCOS-III/Source/os_cfg_app.o
                0x00006fcc                OSCfg_TickRate_Hz
 .rodata.OSCfg_TickTaskPrio
                0x00006fd0        0x1 ./uCOS-III/Source/os_cfg_app.o
                0x00006fd0                OSCfg_TickTaskPrio
 *fill*         0x00006fd1        0x3 
 .rodata.OSCfg_TickTaskStkBasePtr
                0x00006fd4        0x4 ./uCOS-III/Source/os_cfg_app.o
                0x00006fd4                OSCfg_TickTaskStkBasePtr
 .rodata.OSCfg_TickTaskStkLimit
                0x00006fd8        0x4 ./uCOS-III/Source/os_cfg_app.o
                0x00006fd8                OSCfg_TickTaskStkLimit
 .rodata.OSCfg_TickTaskStkSize
                0x00006fdc        0x4 ./uCOS-III/Source/os_cfg_app.o
                0x00006fdc                OSCfg_TickTaskStkSize
 .rodata.OSCfg_TmrTaskPrio
                0x00006fe0        0x1 ./uCOS-III/Source/os_cfg_app.o
                0x00006fe0                OSCfg_TmrTaskPrio
 *fill*         0x00006fe1        0x3 
 .rodata.OSCfg_TmrTaskRate_Hz
                0x00006fe4        0x4 ./uCOS-III/Source/os_cfg_app.o
                0x00006fe4                OSCfg_TmrTaskRate_Hz
 .rodata.OSCfg_TmrTaskStkBasePtr
                0x00006fe8        0x4 ./uCOS-III/Source/os_cfg_app.o
                0x00006fe8                OSCfg_TmrTaskStkBasePtr
 .rodata.OSCfg_TmrTaskStkLimit
                0x00006fec        0x4 ./uCOS-III/Source/os_cfg_app.o
                0x00006fec                OSCfg_TmrTaskStkLimit
 .rodata.OSCfg_TmrTaskStkSize
                0x00006ff0        0x4 ./uCOS-III/Source/os_cfg_app.o
                0x00006ff0                OSCfg_TmrTaskStkSize
 .rodata.OSDbg_DbgEn
                0x00006ff4        0x1 ./uCOS-III/Source/os_dbg.o
                0x00006ff4                OSDbg_DbgEn
 .rodata.OSDbg_ArgChkEn
                0x00006ff5        0x1 ./uCOS-III/Source/os_dbg.o
                0x00006ff5                OSDbg_ArgChkEn
 .rodata.OSDbg_AppHooksEn
                0x00006ff6        0x1 ./uCOS-III/Source/os_dbg.o
                0x00006ff6                OSDbg_AppHooksEn
 *fill*         0x00006ff7        0x1 
 .rodata.OSDbg_EndiannessTest
                0x00006ff8        0x4 ./uCOS-III/Source/os_dbg.o
                0x00006ff8                OSDbg_EndiannessTest
 .rodata.OSDbg_CalledFromISRChkEn
                0x00006ffc        0x1 ./uCOS-III/Source/os_dbg.o
                0x00006ffc                OSDbg_CalledFromISRChkEn
 .rodata.OSDbg_FlagEn
                0x00006ffd        0x1 ./uCOS-III/Source/os_dbg.o
                0x00006ffd                OSDbg_FlagEn
 *fill*         0x00006ffe        0x2 
 .rodata.OSDbg_FlagGrp
                0x00007000       0x28 ./uCOS-III/Source/os_dbg.o
                0x00007000                OSDbg_FlagGrp
 .rodata.OSDbg_FlagDelEn
                0x00007028        0x1 ./uCOS-III/Source/os_dbg.o
                0x00007028                OSDbg_FlagDelEn
 .rodata.OSDbg_FlagModeClrEn
                0x00007029        0x1 ./uCOS-III/Source/os_dbg.o
                0x00007029                OSDbg_FlagModeClrEn
 .rodata.OSDbg_FlagPendAbortEn
                0x0000702a        0x1 ./uCOS-III/Source/os_dbg.o
                0x0000702a                OSDbg_FlagPendAbortEn
 *fill*         0x0000702b        0x1 
 .rodata.OSDbg_FlagGrpSize
                0x0000702c        0x2 ./uCOS-III/Source/os_dbg.o
                0x0000702c                OSDbg_FlagGrpSize
 .rodata.OSDbg_FlagWidth
                0x0000702e        0x2 ./uCOS-III/Source/os_dbg.o
                0x0000702e                OSDbg_FlagWidth
 .rodata.OSDbg_ISRPostDeferredEn
                0x00007030        0x1 ./uCOS-III/Source/os_dbg.o
                0x00007030                OSDbg_ISRPostDeferredEn
 *fill*         0x00007031        0x3 
 .rodata.OSDbg_Mem
                0x00007034       0x20 ./uCOS-III/Source/os_dbg.o
                0x00007034                OSDbg_Mem
 .rodata.OSDbg_MemEn
                0x00007054        0x1 ./uCOS-III/Source/os_dbg.o
                0x00007054                OSDbg_MemEn
 *fill*         0x00007055        0x1 
 .rodata.OSDbg_MemSize
                0x00007056        0x2 ./uCOS-III/Source/os_dbg.o
                0x00007056                OSDbg_MemSize
 .rodata.OSDbg_MsgEn
                0x00007058        0x1 ./uCOS-III/Source/os_dbg.o
                0x00007058                OSDbg_MsgEn
 *fill*         0x00007059        0x1 
 .rodata.OSDbg_MsgSize
                0x0000705a        0x2 ./uCOS-III/Source/os_dbg.o
                0x0000705a                OSDbg_MsgSize
 .rodata.OSDbg_MsgPoolSize
                0x0000705c        0x2 ./uCOS-III/Source/os_dbg.o
                0x0000705c                OSDbg_MsgPoolSize
 .rodata.OSDbg_MsgQSize
                0x0000705e        0x2 ./uCOS-III/Source/os_dbg.o
                0x0000705e                OSDbg_MsgQSize
 .rodata.OSDbg_Mutex
                0x00007060       0x30 ./uCOS-III/Source/os_dbg.o
                0x00007060                OSDbg_Mutex
 .rodata.OSDbg_MutexEn
                0x00007090        0x1 ./uCOS-III/Source/os_dbg.o
                0x00007090                OSDbg_MutexEn
 .rodata.OSDbg_MutexDelEn
                0x00007091        0x1 ./uCOS-III/Source/os_dbg.o
                0x00007091                OSDbg_MutexDelEn
 .rodata.OSDbg_MutexPendAbortEn
                0x00007092        0x1 ./uCOS-III/Source/os_dbg.o
                0x00007092                OSDbg_MutexPendAbortEn
 *fill*         0x00007093        0x1 
 .rodata.OSDbg_MutexSize
                0x00007094        0x2 ./uCOS-III/Source/os_dbg.o
                0x00007094                OSDbg_MutexSize
 .rodata.OSDbg_ObjTypeChkEn
                0x00007096        0x1 ./uCOS-III/Source/os_dbg.o
                0x00007096                OSDbg_ObjTypeChkEn
 .rodata.OSDbg_PendMultiEn
                0x00007097        0x1 ./uCOS-III/Source/os_dbg.o
                0x00007097                OSDbg_PendMultiEn
 .rodata.OSDbg_PendDataSize
                0x00007098        0x2 ./uCOS-III/Source/os_dbg.o
                0x00007098                OSDbg_PendDataSize
 .rodata.OSDbg_PendListSize
                0x0000709a        0x2 ./uCOS-III/Source/os_dbg.o
                0x0000709a                OSDbg_PendListSize
 .rodata.OSDbg_PendObjSize
                0x0000709c        0x2 ./uCOS-III/Source/os_dbg.o
                0x0000709c                OSDbg_PendObjSize
 .rodata.OSDbg_PrioMax
                0x0000709e        0x2 ./uCOS-III/Source/os_dbg.o
                0x0000709e                OSDbg_PrioMax
 .rodata.OSDbg_PrioTblSize
                0x000070a0        0x2 ./uCOS-III/Source/os_dbg.o
                0x000070a0                OSDbg_PrioTblSize
 .rodata.OSDbg_PtrSize
                0x000070a2        0x2 ./uCOS-III/Source/os_dbg.o
                0x000070a2                OSDbg_PtrSize
 .rodata.OSDbg_Q
                0x000070a4       0x30 ./uCOS-III/Source/os_dbg.o
                0x000070a4                OSDbg_Q
 .rodata.OSDbg_QEn
                0x000070d4        0x1 ./uCOS-III/Source/os_dbg.o
                0x000070d4                OSDbg_QEn
 .rodata.OSDbg_QDelEn
                0x000070d5        0x1 ./uCOS-III/Source/os_dbg.o
                0x000070d5                OSDbg_QDelEn
 .rodata.OSDbg_QFlushEn
                0x000070d6        0x1 ./uCOS-III/Source/os_dbg.o
                0x000070d6                OSDbg_QFlushEn
 .rodata.OSDbg_QPendAbortEn
                0x000070d7        0x1 ./uCOS-III/Source/os_dbg.o
                0x000070d7                OSDbg_QPendAbortEn
 .rodata.OSDbg_QSize
                0x000070d8        0x2 ./uCOS-III/Source/os_dbg.o
                0x000070d8                OSDbg_QSize
 .rodata.OSDbg_SchedRoundRobinEn
                0x000070da        0x1 ./uCOS-III/Source/os_dbg.o
                0x000070da                OSDbg_SchedRoundRobinEn
 *fill*         0x000070db        0x1 
 .rodata.OSDbg_Sem
                0x000070dc       0x28 ./uCOS-III/Source/os_dbg.o
                0x000070dc                OSDbg_Sem
 .rodata.OSDbg_SemEn
                0x00007104        0x1 ./uCOS-III/Source/os_dbg.o
                0x00007104                OSDbg_SemEn
 .rodata.OSDbg_SemDelEn
                0x00007105        0x1 ./uCOS-III/Source/os_dbg.o
                0x00007105                OSDbg_SemDelEn
 .rodata.OSDbg_SemPendAbortEn
                0x00007106        0x1 ./uCOS-III/Source/os_dbg.o
                0x00007106                OSDbg_SemPendAbortEn
 .rodata.OSDbg_SemSetEn
                0x00007107        0x1 ./uCOS-III/Source/os_dbg.o
                0x00007107                OSDbg_SemSetEn
 .rodata.OSDbg_SemSize
                0x00007108        0x2 ./uCOS-III/Source/os_dbg.o
                0x00007108                OSDbg_SemSize
 .rodata.OSDbg_RdyList
                0x0000710a        0x2 ./uCOS-III/Source/os_dbg.o
                0x0000710a                OSDbg_RdyList
 .rodata.OSDbg_RdyListSize
                0x0000710c        0x4 ./uCOS-III/Source/os_dbg.o
                0x0000710c                OSDbg_RdyListSize
 .rodata.OSDbg_StkWidth
                0x00007110        0x1 ./uCOS-III/Source/os_dbg.o
                0x00007110                OSDbg_StkWidth
 .rodata.OSDbg_StatTaskEn
                0x00007111        0x1 ./uCOS-III/Source/os_dbg.o
                0x00007111                OSDbg_StatTaskEn
 .rodata.OSDbg_StatTaskStkChkEn
                0x00007112        0x1 ./uCOS-III/Source/os_dbg.o
                0x00007112                OSDbg_StatTaskStkChkEn
 .rodata.OSDbg_TaskChangePrioEn
                0x00007113        0x1 ./uCOS-III/Source/os_dbg.o
                0x00007113                OSDbg_TaskChangePrioEn
 .rodata.OSDbg_TaskDelEn
                0x00007114        0x1 ./uCOS-III/Source/os_dbg.o
                0x00007114                OSDbg_TaskDelEn
 .rodata.OSDbg_TaskQEn
                0x00007115        0x1 ./uCOS-III/Source/os_dbg.o
                0x00007115                OSDbg_TaskQEn
 .rodata.OSDbg_TaskQPendAbortEn
                0x00007116        0x1 ./uCOS-III/Source/os_dbg.o
                0x00007116                OSDbg_TaskQPendAbortEn
 .rodata.OSDbg_TaskProfileEn
                0x00007117        0x1 ./uCOS-III/Source/os_dbg.o
                0x00007117                OSDbg_TaskProfileEn
 .rodata.OSDbg_TaskRegTblSize
                0x00007118        0x2 ./uCOS-III/Source/os_dbg.o
                0x00007118                OSDbg_TaskRegTblSize
 .rodata.OSDbg_TaskSemPendAbortEn
                0x0000711a        0x1 ./uCOS-III/Source/os_dbg.o
                0x0000711a                OSDbg_TaskSemPendAbortEn
 .rodata.OSDbg_TaskSuspendEn
                0x0000711b        0x1 ./uCOS-III/Source/os_dbg.o
                0x0000711b                OSDbg_TaskSuspendEn
 .rodata.OSDbg_TCBSize
                0x0000711c        0x2 ./uCOS-III/Source/os_dbg.o
                0x0000711c                OSDbg_TCBSize
 .rodata.OSDbg_TickListSize
                0x0000711e        0x2 ./uCOS-III/Source/os_dbg.o
                0x0000711e                OSDbg_TickListSize
 .rodata.OSDbg_TimeDlyHMSMEn
                0x00007120        0x1 ./uCOS-III/Source/os_dbg.o
                0x00007120                OSDbg_TimeDlyHMSMEn
 .rodata.OSDbg_TimeDlyResumeEn
                0x00007121        0x1 ./uCOS-III/Source/os_dbg.o
                0x00007121                OSDbg_TimeDlyResumeEn
 *fill*         0x00007122        0x2 
 .rodata.OSDbg_Tmr
                0x00007124       0x30 ./uCOS-III/Source/os_dbg.o
                0x00007124                OSDbg_Tmr
 .rodata.OSDbg_TmrEn
                0x00007154        0x1 ./uCOS-III/Source/os_dbg.o
                0x00007154                OSDbg_TmrEn
 .rodata.OSDbg_TmrDelEn
                0x00007155        0x1 ./uCOS-III/Source/os_dbg.o
                0x00007155                OSDbg_TmrDelEn
 .rodata.OSDbg_TmrSize
                0x00007156        0x2 ./uCOS-III/Source/os_dbg.o
                0x00007156                OSDbg_TmrSize
 .rodata.OSDbg_VersionNbr
                0x00007158        0x2 ./uCOS-III/Source/os_dbg.o
                0x00007158                OSDbg_VersionNbr
 *fill*         0x0000715a        0x2 
 .rodata.OSDbg_DataSize
                0x0000715c        0x4 ./uCOS-III/Source/os_dbg.o
                0x0000715c                OSDbg_DataSize
 .rodata.__func__.14565
                0x00007160       0x18 ./KSDK/platform/system/interrupt/src/fsl_interrupt_manager.o
 .rodata.g_simBaseAddr
                0x00007178        0x4 ./KSDK/platform/system/clock/fsl_clock_manager.o
                0x00007178                g_simBaseAddr
 .rodata.__func__.14597
                0x0000717c       0x14 ./KSDK/platform/hal/gpio/fsl_gpio_hal.o
 .rodata.__func__.14603
                0x00007190       0x18 ./KSDK/platform/hal/gpio/fsl_gpio_hal.o
 .rodata.__func__.14581
                0x000071a8       0x14 ./KSDK/platform/drivers/gpio/src/fsl_gpio_driver.o
 .rodata.__func__.14575
                0x000071bc       0x18 ./KSDK/platform/drivers/gpio/src/fsl_gpio_driver.o
 .rodata.__func__.14593
                0x000071d4       0x20 ./KSDK/platform/drivers/gpio/src/fsl_gpio_driver.o
 .rodata.__func__.14623
                0x000071f4       0x20 ./KSDK/platform/drivers/gpio/src/fsl_gpio_driver.o
 .rodata.__func__.14645
                0x00007214       0x18 ./KSDK/platform/drivers/gpio/src/fsl_gpio_driver.o
 .rodata.__func__.16274
                0x0000722c       0x14 ./KSDK/platform/drivers/gpio/src/fsl_gpio_driver.o
 .rodata.__func__.14587
                0x00007240       0x1c ./KSDK/platform/drivers/gpio/src/fsl_gpio_driver.o
 .rodata.__func__.14605
                0x0000725c       0x20 ./KSDK/platform/drivers/gpio/src/fsl_gpio_driver.o
 .rodata.__func__.14599
                0x0000727c       0x1c ./KSDK/platform/drivers/gpio/src/fsl_gpio_driver.o
 .rodata.__func__.14719
                0x00007298       0x1c ./KSDK/platform/drivers/gpio/src/fsl_gpio_driver.o
 .rodata.g_gpioBaseAddr
                0x000072b4       0x14 ./KSDK/platform/drivers/gpio/common/fsl_gpio_common.o
                0x000072b4                g_gpioBaseAddr
 .rodata.g_portBaseAddr
                0x000072c8       0x14 ./KSDK/platform/drivers/gpio/common/fsl_gpio_common.o
                0x000072c8                g_portBaseAddr
 .rodata.g_portIrqId
                0x000072dc        0x8 ./KSDK/platform/drivers/gpio/common/fsl_gpio_common.o
                0x000072dc                g_portIrqId
 .rodata.ledPins
                0x000072e4       0x30 ./KSDK/boards/frdmk64f120m/gpio_pins.o
                0x000072e4                ledPins
 .rodata.__func__.14611
                0x00007314       0x14 ./KSDK/boards/frdmk64f120m/pin_mux.o
 .rodata.__func__.14599
                0x00007328       0x1c ./KSDK/boards/frdmk64f120m/pin_mux.o
 .rodata.__func__.14575
                0x00007344       0x18 ./KSDK/boards/frdmk64f120m/pin_mux.o
 .rodata.__func__.14581
                0x0000735c       0x14 ./KSDK/boards/frdmk64f120m/pin_mux.o
 .rodata.__func__.14593
                0x00007370       0x20 ./KSDK/boards/frdmk64f120m/pin_mux.o
 .rodata.__func__.14605
                0x00007390       0x20 ./KSDK/boards/frdmk64f120m/pin_mux.o
 .rodata.__func__.14587
                0x000073b0       0x1c ./KSDK/boards/frdmk64f120m/pin_mux.o
 .rodata.__func__.14540
                0x000073cc       0x14 ./APP/app.o
 .rodata.str1.1
                0x000073e0       0x3c c:/freescale/kds_v3/toolchain/bin/../lib/gcc/arm-none-eabi/4.8.4/../../../../arm-none-eabi/lib/armv7e-m/fpu\libg_s.a(lib_a-assert.o)
                                 0x3d (size before relaxing)
 .rodata.str1.1
                0x0000741c        0x2 c:/freescale/kds_v3/toolchain/bin/../lib/gcc/arm-none-eabi/4.8.4/../../../../arm-none-eabi/lib/armv7e-m/fpu\libg_s.a(lib_a-impure.o)
 *fill*         0x0000741e        0x2 
 .rodata._global_impure_ptr
                0x00007420        0x4 c:/freescale/kds_v3/toolchain/bin/../lib/gcc/arm-none-eabi/4.8.4/../../../../arm-none-eabi/lib/armv7e-m/fpu\libg_s.a(lib_a-impure.o)
                0x00007420                _global_impure_ptr
 .rodata.str1.1
                0x00007424       0x11 c:/freescale/kds_v3/toolchain/bin/../lib/gcc/arm-none-eabi/4.8.4/../../../../arm-none-eabi/lib/armv7e-m/fpu\libg_s.a(lib_a-vfprintf.o)
 .rodata.str1.1
                0x00007435       0x22 c:/freescale/kds_v3/toolchain/bin/../lib/gcc/arm-none-eabi/4.8.4/../../../../arm-none-eabi/lib/armv7e-m/fpu\libg_s.a(lib_a-vfprintf_i.o)
 *fill*         0x00007457        0x1 
 .rodata.__sf_fake_stdin
                0x00007458       0x20 c:/freescale/kds_v3/toolchain/bin/../lib/gcc/arm-none-eabi/4.8.4/../../../../arm-none-eabi/lib/armv7e-m/fpu\libg_s.a(lib_a-findfp.o)
                0x00007458                __sf_fake_stdin
 .rodata.__sf_fake_stdout
                0x00007478       0x20 c:/freescale/kds_v3/toolchain/bin/../lib/gcc/arm-none-eabi/4.8.4/../../../../arm-none-eabi/lib/armv7e-m/fpu\libg_s.a(lib_a-findfp.o)
                0x00007478                __sf_fake_stdout
 .rodata.__sf_fake_stderr
                0x00007498       0x20 c:/freescale/kds_v3/toolchain/bin/../lib/gcc/arm-none-eabi/4.8.4/../../../../arm-none-eabi/lib/armv7e-m/fpu\libg_s.a(lib_a-findfp.o)
                0x00007498                __sf_fake_stderr
 *(.glue_7)
 .glue_7        0x00000000        0x0 linker stubs
 *(.glue_7t)
 .glue_7t       0x00000000        0x0 linker stubs
 *(.eh_frame)
 .eh_frame      0x000074b8        0x0 c:/freescale/kds_v3/toolchain/bin/../lib/gcc/arm-none-eabi/4.8.4/armv7e-m/fpu/crtbegin.o
 *(.init)
 .init          0x000074b8        0x4 c:/freescale/kds_v3/toolchain/bin/../lib/gcc/arm-none-eabi/4.8.4/armv7e-m/fpu/crti.o
                0x000074b8                _init
 .init          0x000074bc        0x8 c:/freescale/kds_v3/toolchain/bin/../lib/gcc/arm-none-eabi/4.8.4/armv7e-m/fpu/crtn.o
 *(.fini)
 .fini          0x000074c4        0x4 c:/freescale/kds_v3/toolchain/bin/../lib/gcc/arm-none-eabi/4.8.4/armv7e-m/fpu/crti.o
                0x000074c4                _fini
 .fini          0x000074c8        0x8 c:/freescale/kds_v3/toolchain/bin/../lib/gcc/arm-none-eabi/4.8.4/armv7e-m/fpu/crtn.o
                0x000074d0                . = ALIGN (0x4)

.vfp11_veneer   0x000074d0        0x0
 .vfp11_veneer  0x00000000        0x0 linker stubs

.v4_bx          0x000074d0        0x0
 .v4_bx         0x00000000        0x0 linker stubs

.iplt           0x000074d0        0x0
 .iplt          0x00000000        0x0 c:/freescale/kds_v3/toolchain/bin/../lib/gcc/arm-none-eabi/4.8.4/armv7e-m/fpu/crtbegin.o

.ARM.extab
 *(.ARM.extab* .gnu.linkonce.armextab.*)

.ARM            0x000074d0        0x8
                0x000074d0                __exidx_start = .
 *(.ARM.exidx*)
 .ARM.exidx     0x000074d0        0x8 c:/freescale/kds_v3/toolchain/bin/../lib/gcc/arm-none-eabi/4.8.4/../../../../arm-none-eabi/lib/armv7e-m/fpu/crt0.o
                0x000074d8                __exidx_end = .

.rel.dyn        0x000074d8        0x0
 .rel.iplt      0x00000000        0x0 c:/freescale/kds_v3/toolchain/bin/../lib/gcc/arm-none-eabi/4.8.4/armv7e-m/fpu/crtbegin.o

.ctors          0x000074d8        0x0
                0x000074d8                __CTOR_LIST__ = .
 *crtbegin.o(.ctors)
 *crtbegin?.o(.ctors)
 *(EXCLUDE_FILE(*crtend.o *crtend?.o) .ctors)
 *(SORT(.ctors.*))
 *(.ctors)
                0x000074d8                __CTOR_END__ = .

.dtors          0x000074d8        0x0
                0x000074d8                __DTOR_LIST__ = .
 *crtbegin.o(.dtors)
 *crtbegin?.o(.dtors)
 *(EXCLUDE_FILE(*crtend.o *crtend?.o) .dtors)
 *(SORT(.dtors.*))
 *(.dtors)
                0x000074d8                __DTOR_END__ = .

.preinit_array  0x000074d8        0x0
                0x000074d8                PROVIDE (__preinit_array_start, .)
 *(.preinit_array*)
                0x000074d8                PROVIDE (__preinit_array_end, .)

.init_array     0x000074d8        0x4
                0x000074d8                PROVIDE (__init_array_start, .)
 *(SORT(.init_array.*))
 *(.init_array*)
 .init_array    0x000074d8        0x4 c:/freescale/kds_v3/toolchain/bin/../lib/gcc/arm-none-eabi/4.8.4/armv7e-m/fpu/crtbegin.o
                0x000074dc                PROVIDE (__init_array_end, .)

.fini_array     0x000074dc        0x4
                0x000074dc                PROVIDE (__fini_array_start, .)
 *(SORT(.fini_array.*))
 *(.fini_array*)
 .fini_array    0x000074dc        0x4 c:/freescale/kds_v3/toolchain/bin/../lib/gcc/arm-none-eabi/4.8.4/armv7e-m/fpu/crtbegin.o
                0x000074e0                PROVIDE (__fini_array_end, .)
                0x000074e0                __etext = .
                0x000074e0                __DATA_ROM = .

.data           0x20000000       0xa8 load address 0x000074e0
                0x20000000                . = ALIGN (0x4)
                0x20000000                __DATA_RAM = .
                0x20000000                __data_start__ = .
 *(.data)
 *(.data*)
 .data.SystemCoreClock
                0x20000000        0x4 ./KSDK/platform/startup/MK64F12/system_MK64F12.o
                0x20000000                SystemCoreClock
 .data.switchPins
                0x20000004       0x3c ./KSDK/boards/frdmk64f120m/gpio_pins.o
                0x20000004                switchPins
 .data.impure_data
                0x20000040       0x60 c:/freescale/kds_v3/toolchain/bin/../lib/gcc/arm-none-eabi/4.8.4/../../../../arm-none-eabi/lib/armv7e-m/fpu\libg_s.a(lib_a-impure.o)
 .data._impure_ptr
                0x200000a0        0x4 c:/freescale/kds_v3/toolchain/bin/../lib/gcc/arm-none-eabi/4.8.4/../../../../arm-none-eabi/lib/armv7e-m/fpu\libg_s.a(lib_a-impure.o)
                0x200000a0                _impure_ptr
 *(.jcr*)
 .jcr           0x200000a4        0x0 c:/freescale/kds_v3/toolchain/bin/../lib/gcc/arm-none-eabi/4.8.4/armv7e-m/fpu/crtbegin.o
 .jcr           0x200000a4        0x4 c:/freescale/kds_v3/toolchain/bin/../lib/gcc/arm-none-eabi/4.8.4/armv7e-m/fpu/crtend.o
                0x200000a8                . = ALIGN (0x4)
                0x200000a8                __data_end__ = .
                0x00007588                __DATA_END = (__DATA_ROM + (__data_end__ - __data_start__))
                0x00007588                __m_interrupts_ram_ROMStart = (__DATA_ROM + SIZEOF (.data))

.igot.plt       0x200000a8        0x0 load address 0x00007588
 .igot.plt      0x00000000        0x0 c:/freescale/kds_v3/toolchain/bin/../lib/gcc/arm-none-eabi/4.8.4/armv7e-m/fpu/crtbegin.o

.m_interrupts_ram
                0x1fff0000        0x0 load address 0x00007588
                0x1fff0000                . = ALIGN (0x4)
                0x1fff0000                __m_interrupts_ram_RAMStart = .
 *(.m_interrupts_ram)
                0x1fff0000                __m_interrupts_ram_RAMEnd = .
                0x1fff0000                . = ALIGN (0x4)
                0x00000000                __m_interrupts_ram_ROMSize = (__m_interrupts_ram_RAMEnd - __m_interrupts_ram_RAMStart)

.bss            0x200000a8     0x30a4 load address 0x00007588
                0x200000a8                . = ALIGN (0x4)
                0x200000a8                __START_BSS = .
                0x200000a8                __bss_start__ = .
 *(.bss)
 .bss           0x200000a8       0x1c c:/freescale/kds_v3/toolchain/bin/../lib/gcc/arm-none-eabi/4.8.4/armv7e-m/fpu/crtbegin.o
 *(.bss*)
 .bss.g_interruptDisableCount
                0x200000c4        0x4 ./KSDK/platform/system/interrupt/src/fsl_interrupt_manager.o
                0x200000c4                g_interruptDisableCount
 .bss.val       0x200000c8        0x2 ./APP/app.o
                0x200000c8                val
 *fill*         0x200000ca        0x2 
 .bss.sem1      0x200000cc       0x28 ./APP/app.o
 .bss.StartTaskTCB
                0x200000f4       0xc4 ./APP/app.o
 .bss.LEDTaskTCB
                0x200001b8       0xc4 ./APP/app.o
 .bss.ADCTaskTCB
                0x2000027c       0xc4 ./APP/app.o
 .bss.StartTaskStack
                0x20000340      0x800 ./APP/app.o
 .bss.LEDTaskStack
                0x20000b40      0x800 ./APP/app.o
 .bss.ADCTaskStack
                0x20001340      0x800 ./APP/app.o
 .bss.__malloc_sbrk_start
                0x20001b40        0x4 c:/freescale/kds_v3/toolchain/bin/../lib/gcc/arm-none-eabi/4.8.4/../../../../arm-none-eabi/lib/armv7e-m/fpu\libg_s.a(lib_a-nano-mallocr.o)
                0x20001b40                __malloc_sbrk_start
 .bss.__malloc_free_list
                0x20001b44        0x4 c:/freescale/kds_v3/toolchain/bin/../lib/gcc/arm-none-eabi/4.8.4/../../../../arm-none-eabi/lib/armv7e-m/fpu\libg_s.a(lib_a-nano-mallocr.o)
                0x20001b44                __malloc_free_list
 .bss.heap_end.4246
                0x20001b48        0x4 c:/freescale/kds_v3/toolchain/bin/../lib/gcc/arm-none-eabi/4.8.4/../../../../arm-none-eabi/lib/armv7e-m/fpu\libnosys.a(sbrk.o)
 *(COMMON)
 COMMON         0x20001b4c     0x1040 ./uCOS-III/Source/os_cfg_app.o
                0x20001b4c                OSCfg_StatTaskStk
                0x20001d4c                OSCfg_MsgPool
                0x2000238c                OSCfg_TmrTaskStk
                0x2000258c                OSCfg_ISRStk
                0x2000278c                OSCfg_TickTaskStk
                0x2000298c                OSCfg_IdleTaskStk
 COMMON         0x20002b8c        0x4 ./uCOS-III/Source/os_prio.o
                0x20002b8c                OSPrioTbl
 COMMON         0x20002b90      0x590 ./uCOS-III/Source/os_var.o
                0x20002b90                OSSchedLockNestingCtr
                0x20002b94                OS_AppTaskReturnHookPtr
                0x20002b98                OSStatTaskTimeMax
                0x20002b9c                OSStatTaskCtr
                0x20002ba0                OSTaskRegNextAvailID
                0x20002ba1                OSRunning
                0x20002ba4                OSRdyList
                0x20002d24                OSPrioHighRdy
                0x20002d25                OSStatTaskRdy
                0x20002d28                OSSemDbgListPtr
                0x20002d2c                OS_AppTaskCreateHookPtr
                0x20002d30                OSPrioCur
                0x20002d34                OSTickTaskTCB
                0x20002df8                OSTmrTickCtr
                0x20002dfc                OSTCBCurPtr
                0x20002e00                OSQQty
                0x20002e02                OSStatTaskCPUUsageMax
                0x20002e04                OSPrioSaved
                0x20002e08                OSTCBHighRdyPtr
                0x20002e0c                OSTaskDbgListPtr
                0x20002e10                OSTmrTaskTimeMax
                0x20002e14                OS_AppTaskDelHookPtr
                0x20002e18                OS_AppTimeTickHookPtr
                0x20002e1c                OSStatTaskCPUUsage
                0x20002e20                OSTaskCtxSwCtr
                0x20002e24                OSIntNestingCtr
                0x20002e26                OSTaskQty
                0x20002e28                OSTmrTaskTCB
                0x20002eec                OSMsgPool
                0x20002ef8                OSIdleTaskTCB
                0x20002fbc                OSQDbgListPtr
                0x20002fc0                OSSemQty
                0x20002fc4                OSMemDbgListPtr
                0x20002fc8                OSSchedRoundRobinDfltTimeQuanta
                0x20002fcc                OSTmrMutex
                0x20002ffc                OS_AppIdleTaskHookPtr
                0x20003000                OSStatTaskCtrMax
                0x20003004                OSTickCtr
                0x20003008                OS_AppTaskSwHookPtr
                0x2000300c                OSTmrQty
                0x20003010                OSIdleTaskCtr
                0x20003014                OSStatTaskCtrRun
                0x20003018                OS_AppStatTaskHookPtr
                0x2000301c                OSFlagQty
                0x20003020                OSFlagDbgListPtr
                0x20003024                OSStatResetFlag
                0x20003026                OSMemQty
                0x20003028                OSMutexQty
                0x2000302c                OSStatTaskTCB
                0x200030f0                OSTmrListPtr
                0x200030f4                OSTmrDbgListPtr
                0x200030f8                OSTickTaskTimeMax
                0x200030fc                OSTmrListEntries
                0x20003100                OSTmrUpdateCnt
                0x20003104                OSSchedRoundRobinEn
                0x20003108                OSMutexDbgListPtr
                0x2000310c                OSTickListDly
                0x20003114                OSTmrUpdateCtr
                0x20003118                OSTickListTimeout
 COMMON         0x20003120        0x4 ./uCOS-III/Ports/ARM-Cortex-M4/Generic/GNU/os_cpu_c.o
                0x20003120                OS_CPU_ExceptStkBase
 *fill*         0x20003124        0x4 
 COMMON         0x20003128       0x20 ./uC-CPU/cpu_core.o
                0x20003128                CPU_TS_TmrFreq_Hz
                0x2000312c                CPU_TS_64_TmrPrev
                0x20003130                CPU_TS_64_Accum
                0x20003138                CPU_Name
 COMMON         0x20003148        0x4 c:/freescale/kds_v3/toolchain/bin/../lib/gcc/arm-none-eabi/4.8.4/../../../../arm-none-eabi/lib/armv7e-m/fpu\libg_s.a(lib_a-reent.o)
                0x20003148                errno
                0x2000314c                . = ALIGN (0x4)
                0x2000314c                __bss_end__ = .
                0x2000314c                __END_BSS = .

.heap           0x1fff0400     0x8000
                0x1fff0400                . = ALIGN (0x8)
                0x1fff0400                __end__ = .
                0x1fff0400                PROVIDE (end, .)
                0x1fff0400                __HeapBase = .
                0x1fff8400                . = (. + HEAP_SIZE)
 *fill*         0x1fff0400     0x8000 
                0x1fff8400                __HeapLimit = .

.stack          0x1fff8400     0x4000
                0x1fff8400                . = ALIGN (0x8)
                0x1fffc400                . = (. + STACK_SIZE)
 *fill*         0x1fff8400     0x4000 
                0x1fffc400                __StackTop = .
                0x1fff8400                __StackLimit = (__StackTop - STACK_SIZE)
                0x1fffc400                PROVIDE (__stack, __StackTop)

.ARM.attributes
                0x00000000       0x30
 *(.ARM.attributes)
 .ARM.attributes
                0x00000000       0x22 c:/freescale/kds_v3/toolchain/bin/../lib/gcc/arm-none-eabi/4.8.4/armv7e-m/fpu/crti.o
 .ARM.attributes
                0x00000022       0x34 c:/freescale/kds_v3/toolchain/bin/../lib/gcc/arm-none-eabi/4.8.4/armv7e-m/fpu/crtbegin.o
 .ARM.attributes
                0x00000056       0x20 c:/freescale/kds_v3/toolchain/bin/../lib/gcc/arm-none-eabi/4.8.4/../../../../arm-none-eabi/lib/armv7e-m/fpu/crt0.o
 .ARM.attributes
                0x00000076       0x39 ./uCOS-III/Source/os_cfg_app.o
 .ARM.attributes
                0x000000af       0x39 ./uCOS-III/Source/os_core.o
 .ARM.attributes
                0x000000e8       0x39 ./uCOS-III/Source/os_dbg.o
 .ARM.attributes
                0x00000121       0x39 ./uCOS-III/Source/os_flag.o
 .ARM.attributes
                0x0000015a       0x39 ./uCOS-III/Source/os_mem.o
 .ARM.attributes
                0x00000193       0x39 ./uCOS-III/Source/os_msg.o
 .ARM.attributes
                0x000001cc       0x39 ./uCOS-III/Source/os_mutex.o
 .ARM.attributes
                0x00000205       0x39 ./uCOS-III/Source/os_prio.o
 .ARM.attributes
                0x0000023e       0x39 ./uCOS-III/Source/os_q.o
 .ARM.attributes
                0x00000277       0x39 ./uCOS-III/Source/os_sem.o
 .ARM.attributes
                0x000002b0       0x39 ./uCOS-III/Source/os_stat.o
 .ARM.attributes
                0x000002e9       0x39 ./uCOS-III/Source/os_task.o
 .ARM.attributes
                0x00000322       0x39 ./uCOS-III/Source/os_tick.o
 .ARM.attributes
                0x0000035b       0x39 ./uCOS-III/Source/os_time.o
 .ARM.attributes
                0x00000394       0x39 ./uCOS-III/Source/os_tmr.o
 .ARM.attributes
                0x000003cd       0x39 ./uCOS-III/Source/os_var.o
 .ARM.attributes
                0x00000406       0x25 ./uCOS-III/Ports/ARM-Cortex-M4/Generic/GNU/os_cpu_a.o
 .ARM.attributes
                0x0000042b       0x39 ./uCOS-III/Ports/ARM-Cortex-M4/Generic/GNU/os_cpu_c.o
 .ARM.attributes
                0x00000464       0x39 ./uC-LIB/lib_mem.o
 .ARM.attributes
                0x0000049d       0x39 ./uC-LIB/lib_str.o
 .ARM.attributes
                0x000004d6       0x25 ./uC-CPU/ARM-Cortex-M4/GNU/cpu_a.o
 .ARM.attributes
                0x000004fb       0x39 ./uC-CPU/cpu_core.o
 .ARM.attributes
                0x00000534       0x39 ./KSDK/platform/system/interrupt/src/fsl_interrupt_manager.o
 .ARM.attributes
                0x0000056d       0x39 ./KSDK/platform/system/clock/fsl_clock_manager.o
 .ARM.attributes
                0x000005a6       0x39 ./KSDK/platform/startup/MK64F12/system_MK64F12.o
 .ARM.attributes
                0x000005df       0x39 ./KSDK/platform/osa/src/fsl_os_abstraction_ucosiii.o
 .ARM.attributes
                0x00000618       0x39 ./KSDK/platform/hal/sim/MK64F12/fsl_sim_hal_K64F12.o
 .ARM.attributes
                0x00000651       0x39 ./KSDK/platform/hal/gpio/fsl_gpio_hal.o
 .ARM.attributes
                0x0000068a       0x39 ./KSDK/platform/drivers/gpio/src/fsl_gpio_driver.o
 .ARM.attributes
                0x000006c3       0x39 ./KSDK/platform/drivers/gpio/common/fsl_gpio_common.o
 .ARM.attributes
                0x000006fc       0x39 ./KSDK/boards/frdmk64f120m/gpio_pins.o
 .ARM.attributes
                0x00000735       0x39 ./KSDK/boards/frdmk64f120m/hardware_init.o
 .ARM.attributes
                0x0000076e       0x39 ./KSDK/boards/frdmk64f120m/pin_mux.o
 .ARM.attributes
                0x000007a7       0x1f ./BSP/KSDK/KDS/startup_MK64F12.o
 .ARM.attributes
                0x000007c6       0x39 ./BSP/KSDK/startup.o
 .ARM.attributes
                0x000007ff       0x39 ./BSP/cpu_bsp.o
 .ARM.attributes
                0x00000838       0x39 ./APP/app.o
 .ARM.attributes
                0x00000871       0x34 c:/freescale/kds_v3/toolchain/bin/../lib/gcc/arm-none-eabi/4.8.4/../../../../arm-none-eabi/lib/armv7e-m/fpu\libg_s.a(lib_a-assert.o)
 .ARM.attributes
                0x000008a5       0x34 c:/freescale/kds_v3/toolchain/bin/../lib/gcc/arm-none-eabi/4.8.4/../../../../arm-none-eabi/lib/armv7e-m/fpu\libg_s.a(lib_a-exit.o)
 .ARM.attributes
                0x000008d9       0x34 c:/freescale/kds_v3/toolchain/bin/../lib/gcc/arm-none-eabi/4.8.4/../../../../arm-none-eabi/lib/armv7e-m/fpu\libg_s.a(lib_a-fprintf.o)
 .ARM.attributes
                0x0000090d       0x34 c:/freescale/kds_v3/toolchain/bin/../lib/gcc/arm-none-eabi/4.8.4/../../../../arm-none-eabi/lib/armv7e-m/fpu\libg_s.a(lib_a-impure.o)
 .ARM.attributes
                0x00000941       0x34 c:/freescale/kds_v3/toolchain/bin/../lib/gcc/arm-none-eabi/4.8.4/../../../../arm-none-eabi/lib/armv7e-m/fpu\libg_s.a(lib_a-init.o)
 .ARM.attributes
                0x00000975       0x34 c:/freescale/kds_v3/toolchain/bin/../lib/gcc/arm-none-eabi/4.8.4/../../../../arm-none-eabi/lib/armv7e-m/fpu\libg_s.a(lib_a-memset.o)
 .ARM.attributes
                0x000009a9       0x34 c:/freescale/kds_v3/toolchain/bin/../lib/gcc/arm-none-eabi/4.8.4/../../../../arm-none-eabi/lib/armv7e-m/fpu\libg_s.a(lib_a-nano-freer.o)
 .ARM.attributes
                0x000009dd       0x34 c:/freescale/kds_v3/toolchain/bin/../lib/gcc/arm-none-eabi/4.8.4/../../../../arm-none-eabi/lib/armv7e-m/fpu\libg_s.a(lib_a-nano-mallocr.o)
 .ARM.attributes
                0x00000a11       0x34 c:/freescale/kds_v3/toolchain/bin/../lib/gcc/arm-none-eabi/4.8.4/../../../../arm-none-eabi/lib/armv7e-m/fpu\libg_s.a(lib_a-sbrkr.o)
 .ARM.attributes
                0x00000a45       0x34 c:/freescale/kds_v3/toolchain/bin/../lib/gcc/arm-none-eabi/4.8.4/../../../../arm-none-eabi/lib/armv7e-m/fpu\libg_s.a(lib_a-vfprintf.o)
 .ARM.attributes
                0x00000a79       0x34 c:/freescale/kds_v3/toolchain/bin/../lib/gcc/arm-none-eabi/4.8.4/../../../../arm-none-eabi/lib/armv7e-m/fpu\libg_s.a(lib_a-vfprintf_i.o)
 .ARM.attributes
                0x00000aad       0x34 c:/freescale/kds_v3/toolchain/bin/../lib/gcc/arm-none-eabi/4.8.4/../../../../arm-none-eabi/lib/armv7e-m/fpu\libg_s.a(lib_a-wbuf.o)
 .ARM.attributes
                0x00000ae1       0x34 c:/freescale/kds_v3/toolchain/bin/../lib/gcc/arm-none-eabi/4.8.4/../../../../arm-none-eabi/lib/armv7e-m/fpu\libg_s.a(lib_a-wsetup.o)
 .ARM.attributes
                0x00000b15       0x34 c:/freescale/kds_v3/toolchain/bin/../lib/gcc/arm-none-eabi/4.8.4/../../../../arm-none-eabi/lib/armv7e-m/fpu\libg_s.a(lib_a-abort.o)
 .ARM.attributes
                0x00000b49       0x34 c:/freescale/kds_v3/toolchain/bin/../lib/gcc/arm-none-eabi/4.8.4/../../../../arm-none-eabi/lib/armv7e-m/fpu\libg_s.a(lib_a-fflush.o)
 .ARM.attributes
                0x00000b7d       0x34 c:/freescale/kds_v3/toolchain/bin/../lib/gcc/arm-none-eabi/4.8.4/../../../../arm-none-eabi/lib/armv7e-m/fpu\libg_s.a(lib_a-findfp.o)
 .ARM.attributes
                0x00000bb1       0x34 c:/freescale/kds_v3/toolchain/bin/../lib/gcc/arm-none-eabi/4.8.4/../../../../arm-none-eabi/lib/armv7e-m/fpu\libg_s.a(lib_a-makebuf.o)
 .ARM.attributes
                0x00000be5       0x34 c:/freescale/kds_v3/toolchain/bin/../lib/gcc/arm-none-eabi/4.8.4/../../../../arm-none-eabi/lib/armv7e-m/fpu\libg_s.a(lib_a-memchr-stub.o)
 .ARM.attributes
                0x00000c19       0x34 c:/freescale/kds_v3/toolchain/bin/../lib/gcc/arm-none-eabi/4.8.4/../../../../arm-none-eabi/lib/armv7e-m/fpu\libg_s.a(lib_a-reent.o)
 .ARM.attributes
                0x00000c4d       0x34 c:/freescale/kds_v3/toolchain/bin/../lib/gcc/arm-none-eabi/4.8.4/../../../../arm-none-eabi/lib/armv7e-m/fpu\libg_s.a(lib_a-signal.o)
 .ARM.attributes
                0x00000c81       0x34 c:/freescale/kds_v3/toolchain/bin/../lib/gcc/arm-none-eabi/4.8.4/../../../../arm-none-eabi/lib/armv7e-m/fpu\libg_s.a(lib_a-signalr.o)
 .ARM.attributes
                0x00000cb5       0x34 c:/freescale/kds_v3/toolchain/bin/../lib/gcc/arm-none-eabi/4.8.4/../../../../arm-none-eabi/lib/armv7e-m/fpu\libg_s.a(lib_a-stdio.o)
 .ARM.attributes
                0x00000ce9       0x34 c:/freescale/kds_v3/toolchain/bin/../lib/gcc/arm-none-eabi/4.8.4/../../../../arm-none-eabi/lib/armv7e-m/fpu\libg_s.a(lib_a-strlen.o)
 .ARM.attributes
                0x00000d1d       0x34 c:/freescale/kds_v3/toolchain/bin/../lib/gcc/arm-none-eabi/4.8.4/../../../../arm-none-eabi/lib/armv7e-m/fpu\libg_s.a(lib_a-writer.o)
 .ARM.attributes
                0x00000d51       0x34 c:/freescale/kds_v3/toolchain/bin/../lib/gcc/arm-none-eabi/4.8.4/../../../../arm-none-eabi/lib/armv7e-m/fpu\libg_s.a(lib_a-closer.o)
 .ARM.attributes
                0x00000d85       0x34 c:/freescale/kds_v3/toolchain/bin/../lib/gcc/arm-none-eabi/4.8.4/../../../../arm-none-eabi/lib/armv7e-m/fpu\libg_s.a(lib_a-fstatr.o)
 .ARM.attributes
                0x00000db9       0x34 c:/freescale/kds_v3/toolchain/bin/../lib/gcc/arm-none-eabi/4.8.4/../../../../arm-none-eabi/lib/armv7e-m/fpu\libg_s.a(lib_a-isattyr.o)
 .ARM.attributes
                0x00000ded       0x34 c:/freescale/kds_v3/toolchain/bin/../lib/gcc/arm-none-eabi/4.8.4/../../../../arm-none-eabi/lib/armv7e-m/fpu\libg_s.a(lib_a-lseekr.o)
 .ARM.attributes
                0x00000e21       0x34 c:/freescale/kds_v3/toolchain/bin/../lib/gcc/arm-none-eabi/4.8.4/../../../../arm-none-eabi/lib/armv7e-m/fpu\libg_s.a(lib_a-readr.o)
 .ARM.attributes
                0x00000e55       0x34 c:/freescale/kds_v3/toolchain/bin/../lib/gcc/arm-none-eabi/4.8.4/../../../../arm-none-eabi/lib/armv7e-m/fpu\libnosys.a(close.o)
 .ARM.attributes
                0x00000e89       0x34 c:/freescale/kds_v3/toolchain/bin/../lib/gcc/arm-none-eabi/4.8.4/../../../../arm-none-eabi/lib/armv7e-m/fpu\libnosys.a(fstat.o)
 .ARM.attributes
                0x00000ebd       0x34 c:/freescale/kds_v3/toolchain/bin/../lib/gcc/arm-none-eabi/4.8.4/../../../../arm-none-eabi/lib/armv7e-m/fpu\libnosys.a(getpid.o)
 .ARM.attributes
                0x00000ef1       0x34 c:/freescale/kds_v3/toolchain/bin/../lib/gcc/arm-none-eabi/4.8.4/../../../../arm-none-eabi/lib/armv7e-m/fpu\libnosys.a(isatty.o)
 .ARM.attributes
                0x00000f25       0x34 c:/freescale/kds_v3/toolchain/bin/../lib/gcc/arm-none-eabi/4.8.4/../../../../arm-none-eabi/lib/armv7e-m/fpu\libnosys.a(kill.o)
 .ARM.attributes
                0x00000f59       0x34 c:/freescale/kds_v3/toolchain/bin/../lib/gcc/arm-none-eabi/4.8.4/../../../../arm-none-eabi/lib/armv7e-m/fpu\libnosys.a(lseek.o)
 .ARM.attributes
                0x00000f8d       0x34 c:/freescale/kds_v3/toolchain/bin/../lib/gcc/arm-none-eabi/4.8.4/../../../../arm-none-eabi/lib/armv7e-m/fpu\libnosys.a(read.o)
 .ARM.attributes
                0x00000fc1       0x34 c:/freescale/kds_v3/toolchain/bin/../lib/gcc/arm-none-eabi/4.8.4/../../../../arm-none-eabi/lib/armv7e-m/fpu\libnosys.a(sbrk.o)
 .ARM.attributes
                0x00000ff5       0x34 c:/freescale/kds_v3/toolchain/bin/../lib/gcc/arm-none-eabi/4.8.4/../../../../arm-none-eabi/lib/armv7e-m/fpu\libnosys.a(write.o)
 .ARM.attributes
                0x00001029       0x34 c:/freescale/kds_v3/toolchain/bin/../lib/gcc/arm-none-eabi/4.8.4/../../../../arm-none-eabi/lib/armv7e-m/fpu\libnosys.a(_exit.o)
 .ARM.attributes
                0x0000105d       0x34 c:/freescale/kds_v3/toolchain/bin/../lib/gcc/arm-none-eabi/4.8.4/armv7e-m/fpu/crtend.o
 .ARM.attributes
                0x00001091       0x22 c:/freescale/kds_v3/toolchain/bin/../lib/gcc/arm-none-eabi/4.8.4/armv7e-m/fpu/crtn.o
OUTPUT(OS3-KSDK.elf elf32-littlearm)

.debug_info     0x00000000    0x1a84a
 .debug_info    0x00000000      0x4a6 ./uCOS-III/Source/os_cfg_app.o
 .debug_info    0x000004a6     0x1821 ./uCOS-III/Source/os_core.o
 .debug_info    0x00001cc7     0x1394 ./uCOS-III/Source/os_dbg.o
 .debug_info    0x0000305b     0x11c4 ./uCOS-III/Source/os_flag.o
 .debug_info    0x0000421f      0x829 ./uCOS-III/Source/os_mem.o
 .debug_info    0x00004a48      0x8f4 ./uCOS-III/Source/os_msg.o
 .debug_info    0x0000533c     0x10c0 ./uCOS-III/Source/os_mutex.o
 .debug_info    0x000063fc      0x1bb ./uCOS-III/Source/os_prio.o
 .debug_info    0x000065b7     0x116b ./uCOS-III/Source/os_q.o
 .debug_info    0x00007722     0x1148 ./uCOS-III/Source/os_sem.o
 .debug_info    0x0000886a     0x1025 ./uCOS-III/Source/os_stat.o
 .debug_info    0x0000988f     0x15f6 ./uCOS-III/Source/os_task.o
 .debug_info    0x0000ae85      0xf9d ./uCOS-III/Source/os_tick.o
 .debug_info    0x0000be22      0xefc ./uCOS-III/Source/os_time.o
 .debug_info    0x0000cd1e     0x1290 ./uCOS-III/Source/os_tmr.o
 .debug_info    0x0000dfae      0xf8d ./uCOS-III/Source/os_var.o
 .debug_info    0x0000ef3b       0xdd ./uCOS-III/Ports/ARM-Cortex-M4/Generic/GNU/os_cpu_a.o
 .debug_info    0x0000f018      0x9cd ./uCOS-III/Ports/ARM-Cortex-M4/Generic/GNU/os_cpu_c.o
 .debug_info    0x0000f9e5     0x1120 ./uC-LIB/lib_mem.o
 .debug_info    0x00010b05      0xd4a ./uC-LIB/lib_str.o
 .debug_info    0x0001184f       0xca ./uC-CPU/ARM-Cortex-M4/GNU/cpu_a.o
 .debug_info    0x00011919      0x58d ./uC-CPU/cpu_core.o
 .debug_info    0x00011ea6      0x407 ./KSDK/platform/system/interrupt/src/fsl_interrupt_manager.o
 .debug_info    0x000122ad      0x558 ./KSDK/platform/system/clock/fsl_clock_manager.o
 .debug_info    0x00012805      0xb09 ./KSDK/platform/startup/MK64F12/system_MK64F12.o
 .debug_info    0x0001330e     0x1cc2 ./KSDK/platform/osa/src/fsl_os_abstraction_ucosiii.o
 .debug_info    0x00014fd0     0x1468 ./KSDK/platform/hal/sim/MK64F12/fsl_sim_hal_K64F12.o
 .debug_info    0x00016438      0x277 ./KSDK/platform/hal/gpio/fsl_gpio_hal.o
 .debug_info    0x000166af     0x127f ./KSDK/platform/drivers/gpio/src/fsl_gpio_driver.o
 .debug_info    0x0001792e      0x376 ./KSDK/platform/drivers/gpio/common/fsl_gpio_common.o
 .debug_info    0x00017ca4      0x39d ./KSDK/boards/frdmk64f120m/gpio_pins.o
 .debug_info    0x00018041      0x181 ./KSDK/boards/frdmk64f120m/hardware_init.o
 .debug_info    0x000181c2      0x747 ./KSDK/boards/frdmk64f120m/pin_mux.o
 .debug_info    0x00018909       0xbc ./BSP/KSDK/KDS/startup_MK64F12.o
 .debug_info    0x000189c5      0x37b ./BSP/KSDK/startup.o
 .debug_info    0x00018d40      0x1c3 ./BSP/cpu_bsp.o
 .debug_info    0x00018f03     0x1947 ./APP/app.o

.debug_abbrev   0x00000000     0x3179
 .debug_abbrev  0x00000000       0xbb ./uCOS-III/Source/os_cfg_app.o